running egg_info
creating ../../build/tdcr_bringup/tdcr_bringup.egg-info
writing ../../build/tdcr_bringup/tdcr_bringup.egg-info/PKG-INFO
writing dependency_links to ../../build/tdcr_bringup/tdcr_bringup.egg-info/dependency_links.txt
writing entry points to ../../build/tdcr_bringup/tdcr_bringup.egg-info/entry_points.txt
writing requirements to ../../build/tdcr_bringup/tdcr_bringup.egg-info/requires.txt
writing top-level names to ../../build/tdcr_bringup/tdcr_bringup.egg-info/top_level.txt
writing manifest file '../../build/tdcr_bringup/tdcr_bringup.egg-info/SOURCES.txt'
reading manifest file '../../build/tdcr_bringup/tdcr_bringup.egg-info/SOURCES.txt'
writing manifest file '../../build/tdcr_bringup/tdcr_bringup.egg-info/SOURCES.txt'
running build
running build_py
creating /home/danushkara/TDCR_ws/build/tdcr_bringup/build
creating /home/danushkara/TDCR_ws/build/tdcr_bringup/build/lib
creating /home/danushkara/TDCR_ws/build/tdcr_bringup/build/lib/tdcr_bringup
copying tdcr_bringup/__init__.py -> /home/danushkara/TDCR_ws/build/tdcr_bringup/build/lib/tdcr_bringup
running install
running install_lib
creating /home/danushkara/TDCR_ws/install/tdcr_bringup/lib/python3.10/site-packages/tdcr_bringup
copying /home/danushkara/TDCR_ws/build/tdcr_bringup/build/lib/tdcr_bringup/__init__.py -> /home/danushkara/TDCR_ws/install/tdcr_bringup/lib/python3.10/site-packages/tdcr_bringup
byte-compiling /home/danushkara/TDCR_ws/install/tdcr_bringup/lib/python3.10/site-packages/tdcr_bringup/__init__.py to __init__.cpython-310.pyc
running install_data
creating /home/danushkara/TDCR_ws/install/tdcr_bringup/share/ament_index
creating /home/danushkara/TDCR_ws/install/tdcr_bringup/share/ament_index/resource_index
creating /home/danushkara/TDCR_ws/install/tdcr_bringup/share/ament_index/resource_index/packages
copying resource/tdcr_bringup -> /home/danushkara/TDCR_ws/install/tdcr_bringup/share/ament_index/resource_index/packages
copying package.xml -> /home/danushkara/TDCR_ws/install/tdcr_bringup/share/tdcr_bringup
running install_egg_info
Copying ../../build/tdcr_bringup/tdcr_bringup.egg-info to /home/danushkara/TDCR_ws/install/tdcr_bringup/lib/python3.10/site-packages/tdcr_bringup-0.0.0-py3.10.egg-info
running install_scripts
writing list of installed files to '/home/danushkara/TDCR_ws/build/tdcr_bringup/install.log'
