[0.381s] Invoking command in '/home/danushkara/TDCR_ws/build/tdcr_control': CMAKE_PREFIX_PATH=${CMAKE_PREFIX_PATH}:/home/danushkara/TDCR_ws/install/tdcr_kinematics:/home/danushkara/TDCR_ws/install/tdcr_jacobian:/home/danushkara/TDCR_ws/install/tdcr_bringup:/opt/ros/humble /usr/bin/cmake /home/danushkara/TDCR_ws/src/tdcr_control -DCMAKE_INSTALL_PREFIX=/home/danushkara/TDCR_ws/install/tdcr_control
[0.818s] -- The C compiler identification is GNU 11.4.0
[1.066s] -- The CXX compiler identification is GNU 11.4.0
[1.106s] -- Detecting C compiler ABI info
[1.370s] -- Detecting C compiler ABI info - done
[1.387s] -- Check for working C compiler: /usr/bin/cc - skipped
[1.388s] -- Detecting C compile features
[1.397s] -- Detecting C compile features - done
[1.399s] -- Detecting CXX compiler ABI info
[1.653s] -- Detecting CXX compiler ABI info - done
[1.728s] -- Check for working CXX compiler: /usr/bin/c++ - skipped
[1.728s] -- Detecting CXX compile features
[1.728s] -- Detecting CXX compile features - done
[1.728s] -- Found ament_cmake: 1.3.14 (/opt/ros/humble/share/ament_cmake/cmake)
[2.126s] -- Found Python3: /usr/bin/python3 (found version "3.10.12") found components: Interpreter 
[2.374s] -- Found rclcpp: 16.0.19 (/opt/ros/humble/share/rclcpp/cmake)
[2.589s] -- Found rosidl_generator_c: 3.1.8 (/opt/ros/humble/share/rosidl_generator_c/cmake)
[2.607s] -- Found rosidl_adapter: 3.1.8 (/opt/ros/humble/share/rosidl_adapter/cmake)
[2.645s] -- Found rosidl_generator_cpp: 3.1.8 (/opt/ros/humble/share/rosidl_generator_cpp/cmake)
[2.679s] -- Using all available rosidl_typesupport_c: rosidl_typesupport_fastrtps_c;rosidl_typesupport_introspection_c
[2.734s] -- Using all available rosidl_typesupport_cpp: rosidl_typesupport_fastrtps_cpp;rosidl_typesupport_introspection_cpp
[2.922s] -- Found rmw_implementation_cmake: 6.1.2 (/opt/ros/humble/share/rmw_implementation_cmake/cmake)
[2.930s] -- Found rmw_fastrtps_cpp: 6.2.10 (/opt/ros/humble/share/rmw_fastrtps_cpp/cmake)
[3.202s] -- Found OpenSSL: /usr/lib/x86_64-linux-gnu/libcrypto.so (found version "3.0.2")  
[3.252s] -- Found FastRTPS: /opt/ros/humble/include  
[3.302s] -- Using RMW implementation 'rmw_fastrtps_cpp' as default
[3.330s] -- Looking for pthread.h
[3.499s] -- Looking for pthread.h - found
[3.500s] -- Performing Test CMAKE_HAVE_LIBC_PTHREAD
[3.657s] -- Performing Test CMAKE_HAVE_LIBC_PTHREAD - Success
[3.658s] -- Found Threads: TRUE  
[3.800s] -- Found hardware_interface: 2.54.0 (/opt/ros/humble/share/hardware_interface/cmake)
[4.185s] -- Found ament_lint_auto: 0.12.15 (/opt/ros/humble/share/ament_lint_auto/cmake)
[4.316s] -- Added test 'lint_cmake' to check CMake code style
[4.320s] -- Added test 'xmllint' to check XML markup files
[4.322s] -- Configuring done
[4.324s] -- Generating done
[4.327s] -- Build files have been written to: /home/danushkara/TDCR_ws/build/tdcr_control
[4.346s] Invoked command in '/home/danushkara/TDCR_ws/build/tdcr_control' returned '0': CMAKE_PREFIX_PATH=${CMAKE_PREFIX_PATH}:/home/danushkara/TDCR_ws/install/tdcr_kinematics:/home/danushkara/TDCR_ws/install/tdcr_jacobian:/home/danushkara/TDCR_ws/install/tdcr_bringup:/opt/ros/humble /usr/bin/cmake /home/danushkara/TDCR_ws/src/tdcr_control -DCMAKE_INSTALL_PREFIX=/home/danushkara/TDCR_ws/install/tdcr_control
[4.347s] Invoking command in '/home/danushkara/TDCR_ws/build/tdcr_control': CMAKE_PREFIX_PATH=${CMAKE_PREFIX_PATH}:/home/danushkara/TDCR_ws/install/tdcr_kinematics:/home/danushkara/TDCR_ws/install/tdcr_jacobian:/home/danushkara/TDCR_ws/install/tdcr_bringup:/opt/ros/humble /usr/bin/cmake --build /home/danushkara/TDCR_ws/build/tdcr_control -- -j8 -l8
[4.404s] Invoked command in '/home/danushkara/TDCR_ws/build/tdcr_control' returned '0': CMAKE_PREFIX_PATH=${CMAKE_PREFIX_PATH}:/home/danushkara/TDCR_ws/install/tdcr_kinematics:/home/danushkara/TDCR_ws/install/tdcr_jacobian:/home/danushkara/TDCR_ws/install/tdcr_bringup:/opt/ros/humble /usr/bin/cmake --build /home/danushkara/TDCR_ws/build/tdcr_control -- -j8 -l8
[4.404s] Invoking command in '/home/danushkara/TDCR_ws/build/tdcr_control': CMAKE_PREFIX_PATH=${CMAKE_PREFIX_PATH}:/home/danushkara/TDCR_ws/install/tdcr_kinematics:/home/danushkara/TDCR_ws/install/tdcr_jacobian:/home/danushkara/TDCR_ws/install/tdcr_bringup:/opt/ros/humble /usr/bin/cmake --install /home/danushkara/TDCR_ws/build/tdcr_control
[4.419s] -- Install configuration: ""
[4.420s] -- Installing: /home/danushkara/TDCR_ws/install/tdcr_control/share/ament_index/resource_index/package_run_dependencies/tdcr_control
[4.420s] -- Installing: /home/danushkara/TDCR_ws/install/tdcr_control/share/ament_index/resource_index/parent_prefix_path/tdcr_control
[4.420s] -- Installing: /home/danushkara/TDCR_ws/install/tdcr_control/share/tdcr_control/environment/ament_prefix_path.sh
[4.420s] -- Installing: /home/danushkara/TDCR_ws/install/tdcr_control/share/tdcr_control/environment/ament_prefix_path.dsv
[4.420s] -- Installing: /home/danushkara/TDCR_ws/install/tdcr_control/share/tdcr_control/environment/path.sh
[4.420s] -- Installing: /home/danushkara/TDCR_ws/install/tdcr_control/share/tdcr_control/environment/path.dsv
[4.421s] -- Installing: /home/danushkara/TDCR_ws/install/tdcr_control/share/tdcr_control/local_setup.bash
[4.421s] -- Installing: /home/danushkara/TDCR_ws/install/tdcr_control/share/tdcr_control/local_setup.sh
[4.421s] -- Installing: /home/danushkara/TDCR_ws/install/tdcr_control/share/tdcr_control/local_setup.zsh
[4.421s] -- Installing: /home/danushkara/TDCR_ws/install/tdcr_control/share/tdcr_control/local_setup.dsv
[4.421s] -- Installing: /home/danushkara/TDCR_ws/install/tdcr_control/share/tdcr_control/package.dsv
[4.421s] -- Installing: /home/danushkara/TDCR_ws/install/tdcr_control/share/ament_index/resource_index/packages/tdcr_control
[4.421s] -- Installing: /home/danushkara/TDCR_ws/install/tdcr_control/share/tdcr_control/cmake/tdcr_controlConfig.cmake
[4.421s] -- Installing: /home/danushkara/TDCR_ws/install/tdcr_control/share/tdcr_control/cmake/tdcr_controlConfig-version.cmake
[4.422s] -- Installing: /home/danushkara/TDCR_ws/install/tdcr_control/share/tdcr_control/package.xml
[4.424s] Invoked command in '/home/danushkara/TDCR_ws/build/tdcr_control' returned '0': CMAKE_PREFIX_PATH=${CMAKE_PREFIX_PATH}:/home/danushkara/TDCR_ws/install/tdcr_kinematics:/home/danushkara/TDCR_ws/install/tdcr_jacobian:/home/danushkara/TDCR_ws/install/tdcr_bringup:/opt/ros/humble /usr/bin/cmake --install /home/danushkara/TDCR_ws/build/tdcr_control
