running egg_info
creating ../../build/tdcr_jacobian/tdcr_jacobian.egg-info
writing ../../build/tdcr_jacobian/tdcr_jacobian.egg-info/PKG-INFO
writing dependency_links to ../../build/tdcr_jacobian/tdcr_jacobian.egg-info/dependency_links.txt
writing entry points to ../../build/tdcr_jacobian/tdcr_jacobian.egg-info/entry_points.txt
writing requirements to ../../build/tdcr_jacobian/tdcr_jacobian.egg-info/requires.txt
writing top-level names to ../../build/tdcr_jacobian/tdcr_jacobian.egg-info/top_level.txt
writing manifest file '../../build/tdcr_jacobian/tdcr_jacobian.egg-info/SOURCES.txt'
reading manifest file '../../build/tdcr_jacobian/tdcr_jacobian.egg-info/SOURCES.txt'
writing manifest file '../../build/tdcr_jacobian/tdcr_jacobian.egg-info/SOURCES.txt'
running build
running build_py
creating /home/danushkara/TDCR_ws/build/tdcr_jacobian/build
creating /home/danushkara/TDCR_ws/build/tdcr_jacobian/build/lib
creating /home/danushkara/TDCR_ws/build/tdcr_jacobian/build/lib/tdcr_jacobian
copying tdcr_jacobian/__init__.py -> /home/danushkara/TDCR_ws/build/tdcr_jacobian/build/lib/tdcr_jacobian
running install
running install_lib
creating /home/danushkara/TDCR_ws/install/tdcr_jacobian/lib/python3.10/site-packages/tdcr_jacobian
copying /home/danushkara/TDCR_ws/build/tdcr_jacobian/build/lib/tdcr_jacobian/__init__.py -> /home/danushkara/TDCR_ws/install/tdcr_jacobian/lib/python3.10/site-packages/tdcr_jacobian
byte-compiling /home/danushkara/TDCR_ws/install/tdcr_jacobian/lib/python3.10/site-packages/tdcr_jacobian/__init__.py to __init__.cpython-310.pyc
running install_data
creating /home/danushkara/TDCR_ws/install/tdcr_jacobian/share/ament_index
creating /home/danushkara/TDCR_ws/install/tdcr_jacobian/share/ament_index/resource_index
creating /home/danushkara/TDCR_ws/install/tdcr_jacobian/share/ament_index/resource_index/packages
copying resource/tdcr_jacobian -> /home/danushkara/TDCR_ws/install/tdcr_jacobian/share/ament_index/resource_index/packages
copying package.xml -> /home/danushkara/TDCR_ws/install/tdcr_jacobian/share/tdcr_jacobian
running install_egg_info
Copying ../../build/tdcr_jacobian/tdcr_jacobian.egg-info to /home/danushkara/TDCR_ws/install/tdcr_jacobian/lib/python3.10/site-packages/tdcr_jacobian-0.0.0-py3.10.egg-info
running install_scripts
writing list of installed files to '/home/danushkara/TDCR_ws/build/tdcr_jacobian/install.log'
