[2.260s] Invoking command in '/home/danushkara/TDCR_ws/src/tdcr_bringup': PYTHONPATH=/home/danushkara/TDCR_ws/build/tdcr_bringup/prefix_override:/usr/lib/python3/dist-packages/colcon_core/task/python/colcon_distutils_commands:/home/danushkara/TDCR_ws/install/tdcr_bringup/lib/python3.10/site-packages:${PYTHONPATH} /usr/bin/python3 -W ignore:setup.py install is deprecated -W ignore:easy_install command is deprecated setup.py egg_info --egg-base ../../build/tdcr_bringup build --build-base /home/danushkara/TDCR_ws/build/tdcr_bringup/build install --record /home/danushkara/TDCR_ws/build/tdcr_bringup/install.log --single-version-externally-managed install_data
[2.595s] running egg_info
[2.595s] creating ../../build/tdcr_bringup/tdcr_bringup.egg-info
[2.595s] writing ../../build/tdcr_bringup/tdcr_bringup.egg-info/PKG-INFO
[2.599s] writing dependency_links to ../../build/tdcr_bringup/tdcr_bringup.egg-info/dependency_links.txt
[2.599s] writing entry points to ../../build/tdcr_bringup/tdcr_bringup.egg-info/entry_points.txt
[2.600s] writing requirements to ../../build/tdcr_bringup/tdcr_bringup.egg-info/requires.txt
[2.601s] writing top-level names to ../../build/tdcr_bringup/tdcr_bringup.egg-info/top_level.txt
[2.601s] writing manifest file '../../build/tdcr_bringup/tdcr_bringup.egg-info/SOURCES.txt'
[2.601s] reading manifest file '../../build/tdcr_bringup/tdcr_bringup.egg-info/SOURCES.txt'
[2.605s] writing manifest file '../../build/tdcr_bringup/tdcr_bringup.egg-info/SOURCES.txt'
[2.613s] running build
[2.613s] running build_py
[2.613s] creating /home/danushkara/TDCR_ws/build/tdcr_bringup/build
[2.613s] creating /home/danushkara/TDCR_ws/build/tdcr_bringup/build/lib
[2.618s] creating /home/danushkara/TDCR_ws/build/tdcr_bringup/build/lib/tdcr_bringup
[2.618s] copying tdcr_bringup/__init__.py -> /home/danushkara/TDCR_ws/build/tdcr_bringup/build/lib/tdcr_bringup
[2.618s] running install
[2.619s] running install_lib
[2.620s] creating /home/danushkara/TDCR_ws/install/tdcr_bringup/lib/python3.10/site-packages/tdcr_bringup
[2.620s] copying /home/danushkara/TDCR_ws/build/tdcr_bringup/build/lib/tdcr_bringup/__init__.py -> /home/danushkara/TDCR_ws/install/tdcr_bringup/lib/python3.10/site-packages/tdcr_bringup
[2.620s] byte-compiling /home/danushkara/TDCR_ws/install/tdcr_bringup/lib/python3.10/site-packages/tdcr_bringup/__init__.py to __init__.cpython-310.pyc
[2.620s] running install_data
[2.620s] creating /home/danushkara/TDCR_ws/install/tdcr_bringup/share/ament_index
[2.620s] creating /home/danushkara/TDCR_ws/install/tdcr_bringup/share/ament_index/resource_index
[2.620s] creating /home/danushkara/TDCR_ws/install/tdcr_bringup/share/ament_index/resource_index/packages
[2.620s] copying resource/tdcr_bringup -> /home/danushkara/TDCR_ws/install/tdcr_bringup/share/ament_index/resource_index/packages
[2.620s] copying package.xml -> /home/danushkara/TDCR_ws/install/tdcr_bringup/share/tdcr_bringup
[2.620s] running install_egg_info
[2.620s] Copying ../../build/tdcr_bringup/tdcr_bringup.egg-info to /home/danushkara/TDCR_ws/install/tdcr_bringup/lib/python3.10/site-packages/tdcr_bringup-0.0.0-py3.10.egg-info
[2.620s] running install_scripts
[2.648s] writing list of installed files to '/home/danushkara/TDCR_ws/build/tdcr_bringup/install.log'
[2.736s] Invoked command in '/home/danushkara/TDCR_ws/src/tdcr_bringup' returned '0': PYTHONPATH=/home/danushkara/TDCR_ws/build/tdcr_bringup/prefix_override:/usr/lib/python3/dist-packages/colcon_core/task/python/colcon_distutils_commands:/home/danushkara/TDCR_ws/install/tdcr_bringup/lib/python3.10/site-packages:${PYTHONPATH} /usr/bin/python3 -W ignore:setup.py install is deprecated -W ignore:easy_install command is deprecated setup.py egg_info --egg-base ../../build/tdcr_bringup build --build-base /home/danushkara/TDCR_ws/build/tdcr_bringup/build install --record /home/danushkara/TDCR_ws/build/tdcr_bringup/install.log --single-version-externally-managed install_data
