[0.083s] DEBUG:colcon:Command line arguments: ['/usr/bin/colcon', 'build']
[0.083s] DEBUG:colcon:Parsed command line arguments: Namespace(log_base=None, log_level=None, verb_name='build', build_base='build', install_base='install', merge_install=False, symlink_install=False, test_result_base=None, continue_on_error=False, executor='parallel', parallel_workers=8, event_handlers=None, ignore_user_meta=False, metas=['./colcon.meta'], base_paths=['.'], packages_ignore=None, packages_ignore_regex=None, paths=None, packages_up_to=None, packages_up_to_regex=None, packages_above=None, packages_above_and_dependencies=None, packages_above_depth=None, packages_select_by_dep=None, packages_skip_by_dep=None, packages_skip_up_to=None, packages_select_build_failed=False, packages_skip_build_finished=False, packages_select_test_failures=False, packages_skip_test_passed=False, packages_select=None, packages_skip=None, packages_select_regex=None, packages_skip_regex=None, packages_start=None, packages_end=None, allow_overriding=[], cmake_args=None, cmake_target=None, cmake_target_skip_unavailable=False, cmake_clean_cache=False, cmake_clean_first=False, cmake_force_configure=False, ament_cmake_args=None, catkin_cmake_args=None, catkin_skip_building_tests=False, verb_parser=<colcon_defaults.argument_parser.defaults.DefaultArgumentsDecorator object at 0x794d06264e80>, verb_extension=<colcon_core.verb.build.BuildVerb object at 0x794d06264970>, main=<bound method BuildVerb.main of <colcon_core.verb.build.BuildVerb object at 0x794d06264970>>)
[0.199s] Level 1:colcon.colcon_core.package_discovery:discover_packages(colcon_meta) check parameters
[0.199s] Level 1:colcon.colcon_core.package_discovery:discover_packages(recursive) check parameters
[0.199s] Level 1:colcon.colcon_core.package_discovery:discover_packages(ignore) check parameters
[0.199s] Level 1:colcon.colcon_core.package_discovery:discover_packages(path) check parameters
[0.199s] Level 1:colcon.colcon_core.package_discovery:discover_packages(colcon_meta) discover
[0.200s] Level 1:colcon.colcon_core.package_discovery:discover_packages(recursive) discover
[0.200s] INFO:colcon.colcon_core.package_discovery:Crawling recursively for packages in '/home/danushkara/TDCR_ws'
[0.200s] Level 1:colcon.colcon_core.package_identification:_identify(.) by extensions ['ignore', 'ignore_ament_install']
[0.202s] Level 1:colcon.colcon_core.package_identification:_identify(.) by extension 'ignore'
[0.204s] Level 1:colcon.colcon_core.package_identification:_identify(.) by extension 'ignore_ament_install'
[0.204s] Level 1:colcon.colcon_core.package_identification:_identify(.) by extensions ['colcon_pkg']
[0.204s] Level 1:colcon.colcon_core.package_identification:_identify(.) by extension 'colcon_pkg'
[0.205s] Level 1:colcon.colcon_core.package_identification:_identify(.) by extensions ['colcon_meta']
[0.205s] Level 1:colcon.colcon_core.package_identification:_identify(.) by extension 'colcon_meta'
[0.205s] Level 1:colcon.colcon_core.package_identification:_identify(.) by extensions ['ros']
[0.205s] Level 1:colcon.colcon_core.package_identification:_identify(.) by extension 'ros'
[0.222s] Level 1:colcon.colcon_core.package_identification:_identify(.) by extensions ['cmake', 'python']
[0.222s] Level 1:colcon.colcon_core.package_identification:_identify(.) by extension 'cmake'
[0.222s] Level 1:colcon.colcon_core.package_identification:_identify(.) by extension 'python'
[0.222s] Level 1:colcon.colcon_core.package_identification:_identify(.) by extensions ['python_setup_py']
[0.222s] Level 1:colcon.colcon_core.package_identification:_identify(.) by extension 'python_setup_py'
[0.222s] Level 1:colcon.colcon_core.package_identification:_identify(build) by extensions ['ignore', 'ignore_ament_install']
[0.222s] Level 1:colcon.colcon_core.package_identification:_identify(build) by extension 'ignore'
[0.222s] Level 1:colcon.colcon_core.package_identification:_identify(build) ignored
[0.223s] Level 1:colcon.colcon_core.package_identification:_identify(install) by extensions ['ignore', 'ignore_ament_install']
[0.223s] Level 1:colcon.colcon_core.package_identification:_identify(install) by extension 'ignore'
[0.223s] Level 1:colcon.colcon_core.package_identification:_identify(install) ignored
[0.223s] Level 1:colcon.colcon_core.package_identification:_identify(log) by extensions ['ignore', 'ignore_ament_install']
[0.223s] Level 1:colcon.colcon_core.package_identification:_identify(log) by extension 'ignore'
[0.223s] Level 1:colcon.colcon_core.package_identification:_identify(log) ignored
[0.223s] Level 1:colcon.colcon_core.package_identification:_identify(src) by extensions ['ignore', 'ignore_ament_install']
[0.223s] Level 1:colcon.colcon_core.package_identification:_identify(src) by extension 'ignore'
[0.224s] Level 1:colcon.colcon_core.package_identification:_identify(src) by extension 'ignore_ament_install'
[0.224s] Level 1:colcon.colcon_core.package_identification:_identify(src) by extensions ['colcon_pkg']
[0.224s] Level 1:colcon.colcon_core.package_identification:_identify(src) by extension 'colcon_pkg'
[0.224s] Level 1:colcon.colcon_core.package_identification:_identify(src) by extensions ['colcon_meta']
[0.224s] Level 1:colcon.colcon_core.package_identification:_identify(src) by extension 'colcon_meta'
[0.224s] Level 1:colcon.colcon_core.package_identification:_identify(src) by extensions ['ros']
[0.224s] Level 1:colcon.colcon_core.package_identification:_identify(src) by extension 'ros'
[0.225s] Level 1:colcon.colcon_core.package_identification:_identify(src) by extensions ['cmake', 'python']
[0.225s] Level 1:colcon.colcon_core.package_identification:_identify(src) by extension 'cmake'
[0.225s] Level 1:colcon.colcon_core.package_identification:_identify(src) by extension 'python'
[0.225s] Level 1:colcon.colcon_core.package_identification:_identify(src) by extensions ['python_setup_py']
[0.225s] Level 1:colcon.colcon_core.package_identification:_identify(src) by extension 'python_setup_py'
[0.225s] Level 1:colcon.colcon_core.package_identification:_identify(src/tdcr_bringup) by extensions ['ignore', 'ignore_ament_install']
[0.225s] Level 1:colcon.colcon_core.package_identification:_identify(src/tdcr_bringup) by extension 'ignore'
[0.225s] Level 1:colcon.colcon_core.package_identification:_identify(src/tdcr_bringup) by extension 'ignore_ament_install'
[0.225s] Level 1:colcon.colcon_core.package_identification:_identify(src/tdcr_bringup) by extensions ['colcon_pkg']
[0.225s] Level 1:colcon.colcon_core.package_identification:_identify(src/tdcr_bringup) by extension 'colcon_pkg'
[0.225s] Level 1:colcon.colcon_core.package_identification:_identify(src/tdcr_bringup) by extensions ['colcon_meta']
[0.225s] Level 1:colcon.colcon_core.package_identification:_identify(src/tdcr_bringup) by extension 'colcon_meta'
[0.225s] Level 1:colcon.colcon_core.package_identification:_identify(src/tdcr_bringup) by extensions ['ros']
[0.226s] Level 1:colcon.colcon_core.package_identification:_identify(src/tdcr_bringup) by extension 'ros'
[0.267s] DEBUG:colcon.colcon_core.package_identification:Package 'src/tdcr_bringup' with type 'ros.ament_python' and name 'tdcr_bringup'
[0.267s] Level 1:colcon.colcon_core.package_identification:_identify(src/tdcr_control) by extensions ['ignore', 'ignore_ament_install']
[0.268s] Level 1:colcon.colcon_core.package_identification:_identify(src/tdcr_control) by extension 'ignore'
[0.269s] Level 1:colcon.colcon_core.package_identification:_identify(src/tdcr_control) by extension 'ignore_ament_install'
[0.269s] Level 1:colcon.colcon_core.package_identification:_identify(src/tdcr_control) by extensions ['colcon_pkg']
[0.269s] Level 1:colcon.colcon_core.package_identification:_identify(src/tdcr_control) by extension 'colcon_pkg'
[0.269s] Level 1:colcon.colcon_core.package_identification:_identify(src/tdcr_control) by extensions ['colcon_meta']
[0.272s] Level 1:colcon.colcon_core.package_identification:_identify(src/tdcr_control) by extension 'colcon_meta'
[0.276s] Level 1:colcon.colcon_core.package_identification:_identify(src/tdcr_control) by extensions ['ros']
[0.276s] Level 1:colcon.colcon_core.package_identification:_identify(src/tdcr_control) by extension 'ros'
[0.277s] DEBUG:colcon.colcon_core.package_identification:Package 'src/tdcr_control' with type 'ros.ament_cmake' and name 'tdcr_control'
[0.277s] Level 1:colcon.colcon_core.package_identification:_identify(src/tdcr_description) by extensions ['ignore', 'ignore_ament_install']
[0.277s] Level 1:colcon.colcon_core.package_identification:_identify(src/tdcr_description) by extension 'ignore'
[0.277s] Level 1:colcon.colcon_core.package_identification:_identify(src/tdcr_description) by extension 'ignore_ament_install'
[0.278s] Level 1:colcon.colcon_core.package_identification:_identify(src/tdcr_description) by extensions ['colcon_pkg']
[0.278s] Level 1:colcon.colcon_core.package_identification:_identify(src/tdcr_description) by extension 'colcon_pkg'
[0.278s] Level 1:colcon.colcon_core.package_identification:_identify(src/tdcr_description) by extensions ['colcon_meta']
[0.278s] Level 1:colcon.colcon_core.package_identification:_identify(src/tdcr_description) by extension 'colcon_meta'
[0.278s] Level 1:colcon.colcon_core.package_identification:_identify(src/tdcr_description) by extensions ['ros']
[0.278s] Level 1:colcon.colcon_core.package_identification:_identify(src/tdcr_description) by extension 'ros'
[0.278s] DEBUG:colcon.colcon_core.package_identification:Package 'src/tdcr_description' with type 'ros.ament_python' and name 'tdcr_description'
[0.279s] Level 1:colcon.colcon_core.package_identification:_identify(src/tdcr_jacobian) by extensions ['ignore', 'ignore_ament_install']
[0.279s] Level 1:colcon.colcon_core.package_identification:_identify(src/tdcr_jacobian) by extension 'ignore'
[0.279s] Level 1:colcon.colcon_core.package_identification:_identify(src/tdcr_jacobian) by extension 'ignore_ament_install'
[0.279s] Level 1:colcon.colcon_core.package_identification:_identify(src/tdcr_jacobian) by extensions ['colcon_pkg']
[0.279s] Level 1:colcon.colcon_core.package_identification:_identify(src/tdcr_jacobian) by extension 'colcon_pkg'
[0.279s] Level 1:colcon.colcon_core.package_identification:_identify(src/tdcr_jacobian) by extensions ['colcon_meta']
[0.279s] Level 1:colcon.colcon_core.package_identification:_identify(src/tdcr_jacobian) by extension 'colcon_meta'
[0.279s] Level 1:colcon.colcon_core.package_identification:_identify(src/tdcr_jacobian) by extensions ['ros']
[0.279s] Level 1:colcon.colcon_core.package_identification:_identify(src/tdcr_jacobian) by extension 'ros'
[0.280s] DEBUG:colcon.colcon_core.package_identification:Package 'src/tdcr_jacobian' with type 'ros.ament_python' and name 'tdcr_jacobian'
[0.280s] Level 1:colcon.colcon_core.package_identification:_identify(src/tdcr_kinematics) by extensions ['ignore', 'ignore_ament_install']
[0.280s] Level 1:colcon.colcon_core.package_identification:_identify(src/tdcr_kinematics) by extension 'ignore'
[0.280s] Level 1:colcon.colcon_core.package_identification:_identify(src/tdcr_kinematics) by extension 'ignore_ament_install'
[0.280s] Level 1:colcon.colcon_core.package_identification:_identify(src/tdcr_kinematics) by extensions ['colcon_pkg']
[0.280s] Level 1:colcon.colcon_core.package_identification:_identify(src/tdcr_kinematics) by extension 'colcon_pkg'
[0.280s] Level 1:colcon.colcon_core.package_identification:_identify(src/tdcr_kinematics) by extensions ['colcon_meta']
[0.280s] Level 1:colcon.colcon_core.package_identification:_identify(src/tdcr_kinematics) by extension 'colcon_meta'
[0.280s] Level 1:colcon.colcon_core.package_identification:_identify(src/tdcr_kinematics) by extensions ['ros']
[0.280s] Level 1:colcon.colcon_core.package_identification:_identify(src/tdcr_kinematics) by extension 'ros'
[0.281s] DEBUG:colcon.colcon_core.package_identification:Package 'src/tdcr_kinematics' with type 'ros.ament_python' and name 'tdcr_kinematics'
[0.281s] Level 1:colcon.colcon_core.package_discovery:discover_packages(recursive) using defaults
[0.281s] Level 1:colcon.colcon_core.package_discovery:discover_packages(ignore) discover
[0.281s] Level 1:colcon.colcon_core.package_discovery:discover_packages(ignore) using defaults
[0.281s] Level 1:colcon.colcon_core.package_discovery:discover_packages(path) discover
[0.281s] Level 1:colcon.colcon_core.package_discovery:discover_packages(path) using defaults
[0.305s] Level 1:colcon.colcon_core.package_discovery:discover_packages(prefix_path) check parameters
[0.305s] Level 1:colcon.colcon_core.package_discovery:discover_packages(prefix_path) discover
[0.307s] DEBUG:colcon.colcon_installed_package_information.package_discovery:Found 0 installed packages in /home/danushkara/TDCR_ws/install
[0.308s] DEBUG:colcon.colcon_installed_package_information.package_discovery:Found 420 installed packages in /opt/ros/humble
[0.310s] Level 1:colcon.colcon_core.package_discovery:discover_packages(prefix_path) using defaults
[0.342s] Level 5:colcon.colcon_core.verb:set package 'tdcr_bringup' build argument 'cmake_args' from command line to 'None'
[0.342s] Level 5:colcon.colcon_core.verb:set package 'tdcr_bringup' build argument 'cmake_target' from command line to 'None'
[0.342s] Level 5:colcon.colcon_core.verb:set package 'tdcr_bringup' build argument 'cmake_target_skip_unavailable' from command line to 'False'
[0.342s] Level 5:colcon.colcon_core.verb:set package 'tdcr_bringup' build argument 'cmake_clean_cache' from command line to 'False'
[0.342s] Level 5:colcon.colcon_core.verb:set package 'tdcr_bringup' build argument 'cmake_clean_first' from command line to 'False'
[0.342s] Level 5:colcon.colcon_core.verb:set package 'tdcr_bringup' build argument 'cmake_force_configure' from command line to 'False'
[0.342s] Level 5:colcon.colcon_core.verb:set package 'tdcr_bringup' build argument 'ament_cmake_args' from command line to 'None'
[0.342s] Level 5:colcon.colcon_core.verb:set package 'tdcr_bringup' build argument 'catkin_cmake_args' from command line to 'None'
[0.342s] Level 5:colcon.colcon_core.verb:set package 'tdcr_bringup' build argument 'catkin_skip_building_tests' from command line to 'False'
[0.342s] DEBUG:colcon.colcon_core.verb:Building package 'tdcr_bringup' with the following arguments: {'ament_cmake_args': None, 'build_base': '/home/danushkara/TDCR_ws/build/tdcr_bringup', 'catkin_cmake_args': None, 'catkin_skip_building_tests': False, 'cmake_args': None, 'cmake_clean_cache': False, 'cmake_clean_first': False, 'cmake_force_configure': False, 'cmake_target': None, 'cmake_target_skip_unavailable': False, 'install_base': '/home/danushkara/TDCR_ws/install/tdcr_bringup', 'merge_install': False, 'path': '/home/danushkara/TDCR_ws/src/tdcr_bringup', 'symlink_install': False, 'test_result_base': None}
[0.343s] Level 5:colcon.colcon_core.verb:set package 'tdcr_control' build argument 'cmake_args' from command line to 'None'
[0.343s] Level 5:colcon.colcon_core.verb:set package 'tdcr_control' build argument 'cmake_target' from command line to 'None'
[0.343s] Level 5:colcon.colcon_core.verb:set package 'tdcr_control' build argument 'cmake_target_skip_unavailable' from command line to 'False'
[0.343s] Level 5:colcon.colcon_core.verb:set package 'tdcr_control' build argument 'cmake_clean_cache' from command line to 'False'
[0.343s] Level 5:colcon.colcon_core.verb:set package 'tdcr_control' build argument 'cmake_clean_first' from command line to 'False'
[0.343s] Level 5:colcon.colcon_core.verb:set package 'tdcr_control' build argument 'cmake_force_configure' from command line to 'False'
[0.343s] Level 5:colcon.colcon_core.verb:set package 'tdcr_control' build argument 'ament_cmake_args' from command line to 'None'
[0.343s] Level 5:colcon.colcon_core.verb:set package 'tdcr_control' build argument 'catkin_cmake_args' from command line to 'None'
[0.343s] Level 5:colcon.colcon_core.verb:set package 'tdcr_control' build argument 'catkin_skip_building_tests' from command line to 'False'
[0.343s] DEBUG:colcon.colcon_core.verb:Building package 'tdcr_control' with the following arguments: {'ament_cmake_args': None, 'build_base': '/home/danushkara/TDCR_ws/build/tdcr_control', 'catkin_cmake_args': None, 'catkin_skip_building_tests': False, 'cmake_args': None, 'cmake_clean_cache': False, 'cmake_clean_first': False, 'cmake_force_configure': False, 'cmake_target': None, 'cmake_target_skip_unavailable': False, 'install_base': '/home/danushkara/TDCR_ws/install/tdcr_control', 'merge_install': False, 'path': '/home/danushkara/TDCR_ws/src/tdcr_control', 'symlink_install': False, 'test_result_base': None}
[0.344s] Level 5:colcon.colcon_core.verb:set package 'tdcr_description' build argument 'cmake_args' from command line to 'None'
[0.344s] Level 5:colcon.colcon_core.verb:set package 'tdcr_description' build argument 'cmake_target' from command line to 'None'
[0.344s] Level 5:colcon.colcon_core.verb:set package 'tdcr_description' build argument 'cmake_target_skip_unavailable' from command line to 'False'
[0.344s] Level 5:colcon.colcon_core.verb:set package 'tdcr_description' build argument 'cmake_clean_cache' from command line to 'False'
[0.344s] Level 5:colcon.colcon_core.verb:set package 'tdcr_description' build argument 'cmake_clean_first' from command line to 'False'
[0.344s] Level 5:colcon.colcon_core.verb:set package 'tdcr_description' build argument 'cmake_force_configure' from command line to 'False'
[0.344s] Level 5:colcon.colcon_core.verb:set package 'tdcr_description' build argument 'ament_cmake_args' from command line to 'None'
[0.344s] Level 5:colcon.colcon_core.verb:set package 'tdcr_description' build argument 'catkin_cmake_args' from command line to 'None'
[0.344s] Level 5:colcon.colcon_core.verb:set package 'tdcr_description' build argument 'catkin_skip_building_tests' from command line to 'False'
[0.344s] DEBUG:colcon.colcon_core.verb:Building package 'tdcr_description' with the following arguments: {'ament_cmake_args': None, 'build_base': '/home/danushkara/TDCR_ws/build/tdcr_description', 'catkin_cmake_args': None, 'catkin_skip_building_tests': False, 'cmake_args': None, 'cmake_clean_cache': False, 'cmake_clean_first': False, 'cmake_force_configure': False, 'cmake_target': None, 'cmake_target_skip_unavailable': False, 'install_base': '/home/danushkara/TDCR_ws/install/tdcr_description', 'merge_install': False, 'path': '/home/danushkara/TDCR_ws/src/tdcr_description', 'symlink_install': False, 'test_result_base': None}
[0.345s] Level 5:colcon.colcon_core.verb:set package 'tdcr_jacobian' build argument 'cmake_args' from command line to 'None'
[0.345s] Level 5:colcon.colcon_core.verb:set package 'tdcr_jacobian' build argument 'cmake_target' from command line to 'None'
[0.345s] Level 5:colcon.colcon_core.verb:set package 'tdcr_jacobian' build argument 'cmake_target_skip_unavailable' from command line to 'False'
[0.345s] Level 5:colcon.colcon_core.verb:set package 'tdcr_jacobian' build argument 'cmake_clean_cache' from command line to 'False'
[0.345s] Level 5:colcon.colcon_core.verb:set package 'tdcr_jacobian' build argument 'cmake_clean_first' from command line to 'False'
[0.345s] Level 5:colcon.colcon_core.verb:set package 'tdcr_jacobian' build argument 'cmake_force_configure' from command line to 'False'
[0.345s] Level 5:colcon.colcon_core.verb:set package 'tdcr_jacobian' build argument 'ament_cmake_args' from command line to 'None'
[0.345s] Level 5:colcon.colcon_core.verb:set package 'tdcr_jacobian' build argument 'catkin_cmake_args' from command line to 'None'
[0.345s] Level 5:colcon.colcon_core.verb:set package 'tdcr_jacobian' build argument 'catkin_skip_building_tests' from command line to 'False'
[0.345s] DEBUG:colcon.colcon_core.verb:Building package 'tdcr_jacobian' with the following arguments: {'ament_cmake_args': None, 'build_base': '/home/danushkara/TDCR_ws/build/tdcr_jacobian', 'catkin_cmake_args': None, 'catkin_skip_building_tests': False, 'cmake_args': None, 'cmake_clean_cache': False, 'cmake_clean_first': False, 'cmake_force_configure': False, 'cmake_target': None, 'cmake_target_skip_unavailable': False, 'install_base': '/home/danushkara/TDCR_ws/install/tdcr_jacobian', 'merge_install': False, 'path': '/home/danushkara/TDCR_ws/src/tdcr_jacobian', 'symlink_install': False, 'test_result_base': None}
[0.346s] Level 5:colcon.colcon_core.verb:set package 'tdcr_kinematics' build argument 'cmake_args' from command line to 'None'
[0.346s] Level 5:colcon.colcon_core.verb:set package 'tdcr_kinematics' build argument 'cmake_target' from command line to 'None'
[0.346s] Level 5:colcon.colcon_core.verb:set package 'tdcr_kinematics' build argument 'cmake_target_skip_unavailable' from command line to 'False'
[0.346s] Level 5:colcon.colcon_core.verb:set package 'tdcr_kinematics' build argument 'cmake_clean_cache' from command line to 'False'
[0.346s] Level 5:colcon.colcon_core.verb:set package 'tdcr_kinematics' build argument 'cmake_clean_first' from command line to 'False'
[0.346s] Level 5:colcon.colcon_core.verb:set package 'tdcr_kinematics' build argument 'cmake_force_configure' from command line to 'False'
[0.346s] Level 5:colcon.colcon_core.verb:set package 'tdcr_kinematics' build argument 'ament_cmake_args' from command line to 'None'
[0.346s] Level 5:colcon.colcon_core.verb:set package 'tdcr_kinematics' build argument 'catkin_cmake_args' from command line to 'None'
[0.346s] Level 5:colcon.colcon_core.verb:set package 'tdcr_kinematics' build argument 'catkin_skip_building_tests' from command line to 'False'
[0.346s] DEBUG:colcon.colcon_core.verb:Building package 'tdcr_kinematics' with the following arguments: {'ament_cmake_args': None, 'build_base': '/home/danushkara/TDCR_ws/build/tdcr_kinematics', 'catkin_cmake_args': None, 'catkin_skip_building_tests': False, 'cmake_args': None, 'cmake_clean_cache': False, 'cmake_clean_first': False, 'cmake_force_configure': False, 'cmake_target': None, 'cmake_target_skip_unavailable': False, 'install_base': '/home/danushkara/TDCR_ws/install/tdcr_kinematics', 'merge_install': False, 'path': '/home/danushkara/TDCR_ws/src/tdcr_kinematics', 'symlink_install': False, 'test_result_base': None}
[0.346s] INFO:colcon.colcon_core.executor:Executing jobs using 'parallel' executor
[0.348s] DEBUG:colcon.colcon_parallel_executor.executor.parallel:run_until_complete
[0.348s] INFO:colcon.colcon_ros.task.ament_python.build:Building ROS package in '/home/danushkara/TDCR_ws/src/tdcr_bringup' with build type 'ament_python'
[0.348s] Level 1:colcon.colcon_core.shell:create_environment_hook('tdcr_bringup', 'ament_prefix_path')
[0.351s] INFO:colcon.colcon_core.plugin_system:Skipping extension 'colcon_core.shell.bat': Not used on non-Windows systems
[0.351s] INFO:colcon.colcon_core.shell:Creating environment hook '/home/danushkara/TDCR_ws/install/tdcr_bringup/share/tdcr_bringup/hook/ament_prefix_path.ps1'
[0.355s] INFO:colcon.colcon_core.shell:Creating environment descriptor '/home/danushkara/TDCR_ws/install/tdcr_bringup/share/tdcr_bringup/hook/ament_prefix_path.dsv'
[0.356s] INFO:colcon.colcon_core.shell:Creating environment hook '/home/danushkara/TDCR_ws/install/tdcr_bringup/share/tdcr_bringup/hook/ament_prefix_path.sh'
[0.357s] INFO:colcon.colcon_core.shell:Skip shell extension 'powershell' for command environment: Not usable outside of PowerShell
[0.357s] DEBUG:colcon.colcon_core.shell:Skip shell extension 'dsv' for command environment
[0.362s] INFO:colcon.colcon_ros.task.ament_cmake.build:Building ROS package in '/home/danushkara/TDCR_ws/src/tdcr_control' with build type 'ament_cmake'
[0.363s] INFO:colcon.colcon_cmake.task.cmake.build:Building CMake package in '/home/danushkara/TDCR_ws/src/tdcr_control'
[0.363s] INFO:colcon.colcon_core.shell:Skip shell extension 'powershell' for command environment: Not usable outside of PowerShell
[0.364s] DEBUG:colcon.colcon_core.shell:Skip shell extension 'dsv' for command environment
[0.380s] INFO:colcon.colcon_ros.task.ament_python.build:Building ROS package in '/home/danushkara/TDCR_ws/src/tdcr_description' with build type 'ament_python'
[0.380s] Level 1:colcon.colcon_core.shell:create_environment_hook('tdcr_description', 'ament_prefix_path')
[0.380s] INFO:colcon.colcon_core.shell:Creating environment hook '/home/danushkara/TDCR_ws/install/tdcr_description/share/tdcr_description/hook/ament_prefix_path.ps1'
[0.382s] INFO:colcon.colcon_core.shell:Creating environment descriptor '/home/danushkara/TDCR_ws/install/tdcr_description/share/tdcr_description/hook/ament_prefix_path.dsv'
[0.382s] INFO:colcon.colcon_core.shell:Creating environment hook '/home/danushkara/TDCR_ws/install/tdcr_description/share/tdcr_description/hook/ament_prefix_path.sh'
[0.383s] INFO:colcon.colcon_core.shell:Skip shell extension 'powershell' for command environment: Not usable outside of PowerShell
[0.383s] DEBUG:colcon.colcon_core.shell:Skip shell extension 'dsv' for command environment
[0.387s] INFO:colcon.colcon_ros.task.ament_python.build:Building ROS package in '/home/danushkara/TDCR_ws/src/tdcr_jacobian' with build type 'ament_python'
[0.388s] Level 1:colcon.colcon_core.shell:create_environment_hook('tdcr_jacobian', 'ament_prefix_path')
[0.388s] INFO:colcon.colcon_core.shell:Creating environment hook '/home/danushkara/TDCR_ws/install/tdcr_jacobian/share/tdcr_jacobian/hook/ament_prefix_path.ps1'
[0.389s] INFO:colcon.colcon_core.shell:Creating environment descriptor '/home/danushkara/TDCR_ws/install/tdcr_jacobian/share/tdcr_jacobian/hook/ament_prefix_path.dsv'
[0.389s] INFO:colcon.colcon_core.shell:Creating environment hook '/home/danushkara/TDCR_ws/install/tdcr_jacobian/share/tdcr_jacobian/hook/ament_prefix_path.sh'
[0.390s] INFO:colcon.colcon_core.shell:Skip shell extension 'powershell' for command environment: Not usable outside of PowerShell
[0.390s] DEBUG:colcon.colcon_core.shell:Skip shell extension 'dsv' for command environment
[0.394s] INFO:colcon.colcon_ros.task.ament_python.build:Building ROS package in '/home/danushkara/TDCR_ws/src/tdcr_kinematics' with build type 'ament_python'
[0.394s] Level 1:colcon.colcon_core.shell:create_environment_hook('tdcr_kinematics', 'ament_prefix_path')
[0.395s] INFO:colcon.colcon_core.shell:Creating environment hook '/home/danushkara/TDCR_ws/install/tdcr_kinematics/share/tdcr_kinematics/hook/ament_prefix_path.ps1'
[0.395s] INFO:colcon.colcon_core.shell:Creating environment descriptor '/home/danushkara/TDCR_ws/install/tdcr_kinematics/share/tdcr_kinematics/hook/ament_prefix_path.dsv'
[0.396s] INFO:colcon.colcon_core.shell:Creating environment hook '/home/danushkara/TDCR_ws/install/tdcr_kinematics/share/tdcr_kinematics/hook/ament_prefix_path.sh'
[0.396s] INFO:colcon.colcon_core.shell:Skip shell extension 'powershell' for command environment: Not usable outside of PowerShell
[0.396s] DEBUG:colcon.colcon_core.shell:Skip shell extension 'dsv' for command environment
[0.674s] INFO:colcon.colcon_core.task.python.build:Building Python package in '/home/danushkara/TDCR_ws/src/tdcr_bringup'
[0.674s] INFO:colcon.colcon_core.shell:Skip shell extension 'powershell' for command environment: Not usable outside of PowerShell
[0.675s] DEBUG:colcon.colcon_core.shell:Skip shell extension 'dsv' for command environment
[0.687s] DEBUG:colcon.colcon_core.event_handler.log_command:Invoking command in '/home/danushkara/TDCR_ws/build/tdcr_control': CMAKE_PREFIX_PATH=/opt/ros/humble /usr/bin/cmake /home/danushkara/TDCR_ws/src/tdcr_control -DCMAKE_INSTALL_PREFIX=/home/danushkara/TDCR_ws/install/tdcr_control
[0.947s] INFO:colcon.colcon_core.task.python.build:Building Python package in '/home/danushkara/TDCR_ws/src/tdcr_description'
[0.947s] INFO:colcon.colcon_core.shell:Skip shell extension 'powershell' for command environment: Not usable outside of PowerShell
[0.947s] DEBUG:colcon.colcon_core.shell:Skip shell extension 'dsv' for command environment
[1.206s] INFO:colcon.colcon_core.task.python.build:Building Python package in '/home/danushkara/TDCR_ws/src/tdcr_jacobian'
[1.206s] INFO:colcon.colcon_core.shell:Skip shell extension 'powershell' for command environment: Not usable outside of PowerShell
[1.207s] DEBUG:colcon.colcon_core.shell:Skip shell extension 'dsv' for command environment
[1.513s] INFO:colcon.colcon_core.task.python.build:Building Python package in '/home/danushkara/TDCR_ws/src/tdcr_kinematics'
[1.513s] INFO:colcon.colcon_core.shell:Skip shell extension 'powershell' for command environment: Not usable outside of PowerShell
[1.513s] DEBUG:colcon.colcon_core.shell:Skip shell extension 'dsv' for command environment
[2.548s] DEBUG:colcon.colcon_core.event_handler.log_command:Invoking command in '/home/danushkara/TDCR_ws/src/tdcr_kinematics': PYTHONPATH=/home/danushkara/TDCR_ws/build/tdcr_kinematics/prefix_override:/usr/lib/python3/dist-packages/colcon_core/task/python/colcon_distutils_commands:/home/danushkara/TDCR_ws/install/tdcr_kinematics/lib/python3.10/site-packages:${PYTHONPATH} /usr/bin/python3 -W ignore:setup.py install is deprecated -W ignore:easy_install command is deprecated setup.py egg_info --egg-base ../../build/tdcr_kinematics build --build-base /home/danushkara/TDCR_ws/build/tdcr_kinematics/build install --record /home/danushkara/TDCR_ws/build/tdcr_kinematics/install.log --single-version-externally-managed install_data
[2.587s] DEBUG:colcon.colcon_core.event_handler.log_command:Invoking command in '/home/danushkara/TDCR_ws/src/tdcr_jacobian': PYTHONPATH=/home/danushkara/TDCR_ws/build/tdcr_jacobian/prefix_override:/usr/lib/python3/dist-packages/colcon_core/task/python/colcon_distutils_commands:/home/danushkara/TDCR_ws/install/tdcr_jacobian/lib/python3.10/site-packages:${PYTHONPATH} /usr/bin/python3 -W ignore:setup.py install is deprecated -W ignore:easy_install command is deprecated setup.py egg_info --egg-base ../../build/tdcr_jacobian build --build-base /home/danushkara/TDCR_ws/build/tdcr_jacobian/build install --record /home/danushkara/TDCR_ws/build/tdcr_jacobian/install.log --single-version-externally-managed install_data
[2.622s] DEBUG:colcon.colcon_core.event_handler.log_command:Invoking command in '/home/danushkara/TDCR_ws/src/tdcr_bringup': PYTHONPATH=/home/danushkara/TDCR_ws/build/tdcr_bringup/prefix_override:/usr/lib/python3/dist-packages/colcon_core/task/python/colcon_distutils_commands:/home/danushkara/TDCR_ws/install/tdcr_bringup/lib/python3.10/site-packages:${PYTHONPATH} /usr/bin/python3 -W ignore:setup.py install is deprecated -W ignore:easy_install command is deprecated setup.py egg_info --egg-base ../../build/tdcr_bringup build --build-base /home/danushkara/TDCR_ws/build/tdcr_bringup/build install --record /home/danushkara/TDCR_ws/build/tdcr_bringup/install.log --single-version-externally-managed install_data
[2.627s] DEBUG:colcon.colcon_core.event_handler.log_command:Invoking command in '/home/danushkara/TDCR_ws/src/tdcr_description': PYTHONPATH=/home/danushkara/TDCR_ws/build/tdcr_description/prefix_override:/usr/lib/python3/dist-packages/colcon_core/task/python/colcon_distutils_commands:/home/danushkara/TDCR_ws/install/tdcr_description/lib/python3.10/site-packages:${PYTHONPATH} /usr/bin/python3 -W ignore:setup.py install is deprecated -W ignore:easy_install command is deprecated setup.py egg_info --egg-base ../../build/tdcr_description build --build-base /home/danushkara/TDCR_ws/build/tdcr_description/build install --record /home/danushkara/TDCR_ws/build/tdcr_description/install.log --single-version-externally-managed install_data
[2.836s] DEBUG:colcon.colcon_core.event_handler.log_command:Invoked command in '/home/danushkara/TDCR_ws/src/tdcr_kinematics' returned '0': PYTHONPATH=/home/danushkara/TDCR_ws/build/tdcr_kinematics/prefix_override:/usr/lib/python3/dist-packages/colcon_core/task/python/colcon_distutils_commands:/home/danushkara/TDCR_ws/install/tdcr_kinematics/lib/python3.10/site-packages:${PYTHONPATH} /usr/bin/python3 -W ignore:setup.py install is deprecated -W ignore:easy_install command is deprecated setup.py egg_info --egg-base ../../build/tdcr_kinematics build --build-base /home/danushkara/TDCR_ws/build/tdcr_kinematics/build install --record /home/danushkara/TDCR_ws/build/tdcr_kinematics/install.log --single-version-externally-managed install_data
[2.848s] Level 1:colcon.colcon_core.environment:checking '/home/danushkara/TDCR_ws/install/tdcr_kinematics' for CMake module files
[2.849s] Level 1:colcon.colcon_core.environment:checking '/home/danushkara/TDCR_ws/install/tdcr_kinematics' for CMake config files
[2.849s] Level 1:colcon.colcon_core.environment:checking '/home/danushkara/TDCR_ws/install/tdcr_kinematics/lib'
[2.850s] Level 1:colcon.colcon_core.environment:checking '/home/danushkara/TDCR_ws/install/tdcr_kinematics/bin'
[2.850s] Level 1:colcon.colcon_core.environment:checking '/home/danushkara/TDCR_ws/install/tdcr_kinematics/lib/pkgconfig/tdcr_kinematics.pc'
[2.850s] Level 1:colcon.colcon_core.environment:checking '/home/danushkara/TDCR_ws/install/tdcr_kinematics/lib/python3.10/site-packages'
[2.850s] Level 1:colcon.colcon_core.shell:create_environment_hook('tdcr_kinematics', 'pythonpath')
[2.850s] INFO:colcon.colcon_core.shell:Creating environment hook '/home/danushkara/TDCR_ws/install/tdcr_kinematics/share/tdcr_kinematics/hook/pythonpath.ps1'
[2.851s] INFO:colcon.colcon_core.shell:Creating environment descriptor '/home/danushkara/TDCR_ws/install/tdcr_kinematics/share/tdcr_kinematics/hook/pythonpath.dsv'
[2.851s] INFO:colcon.colcon_core.shell:Creating environment hook '/home/danushkara/TDCR_ws/install/tdcr_kinematics/share/tdcr_kinematics/hook/pythonpath.sh'
[2.852s] Level 1:colcon.colcon_core.environment:checking '/home/danushkara/TDCR_ws/install/tdcr_kinematics/bin'
[2.852s] Level 1:colcon.colcon_core.environment:create_environment_scripts_only(tdcr_kinematics)
[2.852s] INFO:colcon.colcon_core.shell:Creating package script '/home/danushkara/TDCR_ws/install/tdcr_kinematics/share/tdcr_kinematics/package.ps1'
[2.854s] INFO:colcon.colcon_core.shell:Creating package descriptor '/home/danushkara/TDCR_ws/install/tdcr_kinematics/share/tdcr_kinematics/package.dsv'
[2.857s] INFO:colcon.colcon_core.shell:Creating package script '/home/danushkara/TDCR_ws/install/tdcr_kinematics/share/tdcr_kinematics/package.sh'
[2.858s] INFO:colcon.colcon_core.shell:Creating package script '/home/danushkara/TDCR_ws/install/tdcr_kinematics/share/tdcr_kinematics/package.bash'
[2.860s] INFO:colcon.colcon_core.shell:Creating package script '/home/danushkara/TDCR_ws/install/tdcr_kinematics/share/tdcr_kinematics/package.zsh'
[2.861s] Level 1:colcon.colcon_core.environment:create_file_with_runtime_dependencies(/home/danushkara/TDCR_ws/install/tdcr_kinematics/share/colcon-core/packages/tdcr_kinematics)
[3.074s] Level 1:colcon.colcon_core.environment:checking '/home/danushkara/TDCR_ws/install/tdcr_bringup' for CMake module files
[3.075s] DEBUG:colcon.colcon_core.event_handler.log_command:Invoked command in '/home/danushkara/TDCR_ws/src/tdcr_bringup' returned '0': PYTHONPATH=/home/danushkara/TDCR_ws/build/tdcr_bringup/prefix_override:/usr/lib/python3/dist-packages/colcon_core/task/python/colcon_distutils_commands:/home/danushkara/TDCR_ws/install/tdcr_bringup/lib/python3.10/site-packages:${PYTHONPATH} /usr/bin/python3 -W ignore:setup.py install is deprecated -W ignore:easy_install command is deprecated setup.py egg_info --egg-base ../../build/tdcr_bringup build --build-base /home/danushkara/TDCR_ws/build/tdcr_bringup/build install --record /home/danushkara/TDCR_ws/build/tdcr_bringup/install.log --single-version-externally-managed install_data
[3.076s] Level 1:colcon.colcon_core.environment:checking '/home/danushkara/TDCR_ws/install/tdcr_bringup' for CMake config files
[3.077s] Level 1:colcon.colcon_core.environment:checking '/home/danushkara/TDCR_ws/install/tdcr_bringup/lib'
[3.078s] Level 1:colcon.colcon_core.environment:checking '/home/danushkara/TDCR_ws/install/tdcr_bringup/bin'
[3.078s] Level 1:colcon.colcon_core.environment:checking '/home/danushkara/TDCR_ws/install/tdcr_bringup/lib/pkgconfig/tdcr_bringup.pc'
[3.079s] Level 1:colcon.colcon_core.environment:checking '/home/danushkara/TDCR_ws/install/tdcr_bringup/lib/python3.10/site-packages'
[3.079s] Level 1:colcon.colcon_core.shell:create_environment_hook('tdcr_bringup', 'pythonpath')
[3.079s] INFO:colcon.colcon_core.shell:Creating environment hook '/home/danushkara/TDCR_ws/install/tdcr_bringup/share/tdcr_bringup/hook/pythonpath.ps1'
[3.079s] INFO:colcon.colcon_core.shell:Creating environment descriptor '/home/danushkara/TDCR_ws/install/tdcr_bringup/share/tdcr_bringup/hook/pythonpath.dsv'
[3.080s] INFO:colcon.colcon_core.shell:Creating environment hook '/home/danushkara/TDCR_ws/install/tdcr_bringup/share/tdcr_bringup/hook/pythonpath.sh'
[3.080s] Level 1:colcon.colcon_core.environment:checking '/home/danushkara/TDCR_ws/install/tdcr_bringup/bin'
[3.080s] Level 1:colcon.colcon_core.environment:create_environment_scripts_only(tdcr_bringup)
[3.081s] INFO:colcon.colcon_core.shell:Creating package script '/home/danushkara/TDCR_ws/install/tdcr_bringup/share/tdcr_bringup/package.ps1'
[3.082s] INFO:colcon.colcon_core.shell:Creating package descriptor '/home/danushkara/TDCR_ws/install/tdcr_bringup/share/tdcr_bringup/package.dsv'
[3.082s] INFO:colcon.colcon_core.shell:Creating package script '/home/danushkara/TDCR_ws/install/tdcr_bringup/share/tdcr_bringup/package.sh'
[3.083s] INFO:colcon.colcon_core.shell:Creating package script '/home/danushkara/TDCR_ws/install/tdcr_bringup/share/tdcr_bringup/package.bash'
[3.084s] INFO:colcon.colcon_core.shell:Creating package script '/home/danushkara/TDCR_ws/install/tdcr_bringup/share/tdcr_bringup/package.zsh'
[3.084s] Level 1:colcon.colcon_core.environment:create_file_with_runtime_dependencies(/home/danushkara/TDCR_ws/install/tdcr_bringup/share/colcon-core/packages/tdcr_bringup)
[3.090s] Level 1:colcon.colcon_core.environment:checking '/home/danushkara/TDCR_ws/install/tdcr_jacobian' for CMake module files
[3.091s] DEBUG:colcon.colcon_core.event_handler.log_command:Invoked command in '/home/danushkara/TDCR_ws/src/tdcr_jacobian' returned '0': PYTHONPATH=/home/danushkara/TDCR_ws/build/tdcr_jacobian/prefix_override:/usr/lib/python3/dist-packages/colcon_core/task/python/colcon_distutils_commands:/home/danushkara/TDCR_ws/install/tdcr_jacobian/lib/python3.10/site-packages:${PYTHONPATH} /usr/bin/python3 -W ignore:setup.py install is deprecated -W ignore:easy_install command is deprecated setup.py egg_info --egg-base ../../build/tdcr_jacobian build --build-base /home/danushkara/TDCR_ws/build/tdcr_jacobian/build install --record /home/danushkara/TDCR_ws/build/tdcr_jacobian/install.log --single-version-externally-managed install_data
[3.091s] Level 1:colcon.colcon_core.environment:checking '/home/danushkara/TDCR_ws/install/tdcr_jacobian' for CMake config files
[3.092s] Level 1:colcon.colcon_core.environment:checking '/home/danushkara/TDCR_ws/install/tdcr_jacobian/lib'
[3.092s] Level 1:colcon.colcon_core.environment:checking '/home/danushkara/TDCR_ws/install/tdcr_jacobian/bin'
[3.092s] Level 1:colcon.colcon_core.environment:checking '/home/danushkara/TDCR_ws/install/tdcr_jacobian/lib/pkgconfig/tdcr_jacobian.pc'
[3.092s] Level 1:colcon.colcon_core.environment:checking '/home/danushkara/TDCR_ws/install/tdcr_jacobian/lib/python3.10/site-packages'
[3.092s] Level 1:colcon.colcon_core.shell:create_environment_hook('tdcr_jacobian', 'pythonpath')
[3.092s] INFO:colcon.colcon_core.shell:Creating environment hook '/home/danushkara/TDCR_ws/install/tdcr_jacobian/share/tdcr_jacobian/hook/pythonpath.ps1'
[3.093s] INFO:colcon.colcon_core.shell:Creating environment descriptor '/home/danushkara/TDCR_ws/install/tdcr_jacobian/share/tdcr_jacobian/hook/pythonpath.dsv'
[3.094s] INFO:colcon.colcon_core.shell:Creating environment hook '/home/danushkara/TDCR_ws/install/tdcr_jacobian/share/tdcr_jacobian/hook/pythonpath.sh'
[3.095s] Level 1:colcon.colcon_core.environment:checking '/home/danushkara/TDCR_ws/install/tdcr_jacobian/bin'
[3.095s] Level 1:colcon.colcon_core.environment:create_environment_scripts_only(tdcr_jacobian)
[3.095s] INFO:colcon.colcon_core.shell:Creating package script '/home/danushkara/TDCR_ws/install/tdcr_jacobian/share/tdcr_jacobian/package.ps1'
[3.096s] INFO:colcon.colcon_core.shell:Creating package descriptor '/home/danushkara/TDCR_ws/install/tdcr_jacobian/share/tdcr_jacobian/package.dsv'
[3.097s] INFO:colcon.colcon_core.shell:Creating package script '/home/danushkara/TDCR_ws/install/tdcr_jacobian/share/tdcr_jacobian/package.sh'
[3.099s] INFO:colcon.colcon_core.shell:Creating package script '/home/danushkara/TDCR_ws/install/tdcr_jacobian/share/tdcr_jacobian/package.bash'
[3.101s] INFO:colcon.colcon_core.shell:Creating package script '/home/danushkara/TDCR_ws/install/tdcr_jacobian/share/tdcr_jacobian/package.zsh'
[3.103s] Level 1:colcon.colcon_core.environment:create_file_with_runtime_dependencies(/home/danushkara/TDCR_ws/install/tdcr_jacobian/share/colcon-core/packages/tdcr_jacobian)
[3.189s] Level 1:colcon.colcon_core.environment:checking '/home/danushkara/TDCR_ws/install/tdcr_description' for CMake module files
[3.190s] Level 1:colcon.colcon_core.environment:checking '/home/danushkara/TDCR_ws/install/tdcr_description' for CMake config files
[3.192s] Level 1:colcon.colcon_core.environment:checking '/home/danushkara/TDCR_ws/install/tdcr_description/lib'
[3.194s] Level 1:colcon.colcon_core.environment:checking '/home/danushkara/TDCR_ws/install/tdcr_description/bin'
[3.194s] Level 1:colcon.colcon_core.environment:checking '/home/danushkara/TDCR_ws/install/tdcr_description/lib/pkgconfig/tdcr_description.pc'
[3.196s] Level 1:colcon.colcon_core.environment:checking '/home/danushkara/TDCR_ws/install/tdcr_description/lib/python3.10/site-packages'
[3.197s] Level 1:colcon.colcon_core.shell:create_environment_hook('tdcr_description', 'pythonpath')
[3.198s] INFO:colcon.colcon_core.shell:Creating environment hook '/home/danushkara/TDCR_ws/install/tdcr_description/share/tdcr_description/hook/pythonpath.ps1'
[3.199s] INFO:colcon.colcon_core.shell:Creating environment descriptor '/home/danushkara/TDCR_ws/install/tdcr_description/share/tdcr_description/hook/pythonpath.dsv'
[3.200s] INFO:colcon.colcon_core.shell:Creating environment hook '/home/danushkara/TDCR_ws/install/tdcr_description/share/tdcr_description/hook/pythonpath.sh'
[3.200s] DEBUG:colcon.colcon_core.event_handler.log_command:Invoked command in '/home/danushkara/TDCR_ws/src/tdcr_description' returned '0': PYTHONPATH=/home/danushkara/TDCR_ws/build/tdcr_description/prefix_override:/usr/lib/python3/dist-packages/colcon_core/task/python/colcon_distutils_commands:/home/danushkara/TDCR_ws/install/tdcr_description/lib/python3.10/site-packages:${PYTHONPATH} /usr/bin/python3 -W ignore:setup.py install is deprecated -W ignore:easy_install command is deprecated setup.py egg_info --egg-base ../../build/tdcr_description build --build-base /home/danushkara/TDCR_ws/build/tdcr_description/build install --record /home/danushkara/TDCR_ws/build/tdcr_description/install.log --single-version-externally-managed install_data
[3.201s] Level 1:colcon.colcon_core.environment:checking '/home/danushkara/TDCR_ws/install/tdcr_description/bin'
[3.201s] Level 1:colcon.colcon_core.environment:create_environment_scripts_only(tdcr_description)
[3.201s] INFO:colcon.colcon_core.shell:Creating package script '/home/danushkara/TDCR_ws/install/tdcr_description/share/tdcr_description/package.ps1'
[3.202s] INFO:colcon.colcon_core.shell:Creating package descriptor '/home/danushkara/TDCR_ws/install/tdcr_description/share/tdcr_description/package.dsv'
[3.202s] INFO:colcon.colcon_core.shell:Creating package script '/home/danushkara/TDCR_ws/install/tdcr_description/share/tdcr_description/package.sh'
[3.203s] INFO:colcon.colcon_core.shell:Creating package script '/home/danushkara/TDCR_ws/install/tdcr_description/share/tdcr_description/package.bash'
[3.203s] INFO:colcon.colcon_core.shell:Creating package script '/home/danushkara/TDCR_ws/install/tdcr_description/share/tdcr_description/package.zsh'
[3.203s] Level 1:colcon.colcon_core.environment:create_file_with_runtime_dependencies(/home/danushkara/TDCR_ws/install/tdcr_description/share/colcon-core/packages/tdcr_description)
[4.246s] DEBUG:colcon.colcon_core.event_handler.log_command:Invoked command in '/home/danushkara/TDCR_ws/build/tdcr_control' returned '0': CMAKE_PREFIX_PATH=/opt/ros/humble /usr/bin/cmake /home/danushkara/TDCR_ws/src/tdcr_control -DCMAKE_INSTALL_PREFIX=/home/danushkara/TDCR_ws/install/tdcr_control
[4.247s] DEBUG:colcon.colcon_core.event_handler.log_command:Invoking command in '/home/danushkara/TDCR_ws/build/tdcr_control': CMAKE_PREFIX_PATH=/opt/ros/humble /usr/bin/cmake --build /home/danushkara/TDCR_ws/build/tdcr_control -- -j8 -l8
[4.307s] DEBUG:colcon.colcon_core.event_handler.log_command:Invoked command in '/home/danushkara/TDCR_ws/build/tdcr_control' returned '0': CMAKE_PREFIX_PATH=/opt/ros/humble /usr/bin/cmake --build /home/danushkara/TDCR_ws/build/tdcr_control -- -j8 -l8
[4.321s] DEBUG:colcon.colcon_core.event_handler.log_command:Invoking command in '/home/danushkara/TDCR_ws/build/tdcr_control': CMAKE_PREFIX_PATH=/opt/ros/humble /usr/bin/cmake --install /home/danushkara/TDCR_ws/build/tdcr_control
[4.334s] Level 1:colcon.colcon_core.environment:create_environment_scripts_only(tdcr_control)
[4.335s] Level 1:colcon.colcon_core.environment:checking '/home/danushkara/TDCR_ws/install/tdcr_control' for CMake module files
[4.335s] DEBUG:colcon.colcon_core.event_handler.log_command:Invoked command in '/home/danushkara/TDCR_ws/build/tdcr_control' returned '0': CMAKE_PREFIX_PATH=/opt/ros/humble /usr/bin/cmake --install /home/danushkara/TDCR_ws/build/tdcr_control
[4.335s] Level 1:colcon.colcon_core.environment:checking '/home/danushkara/TDCR_ws/install/tdcr_control' for CMake config files
[4.336s] Level 1:colcon.colcon_core.shell:create_environment_hook('tdcr_control', 'cmake_prefix_path')
[4.336s] INFO:colcon.colcon_core.shell:Creating environment hook '/home/danushkara/TDCR_ws/install/tdcr_control/share/tdcr_control/hook/cmake_prefix_path.ps1'
[4.336s] INFO:colcon.colcon_core.shell:Creating environment descriptor '/home/danushkara/TDCR_ws/install/tdcr_control/share/tdcr_control/hook/cmake_prefix_path.dsv'
[4.337s] INFO:colcon.colcon_core.shell:Creating environment hook '/home/danushkara/TDCR_ws/install/tdcr_control/share/tdcr_control/hook/cmake_prefix_path.sh'
[4.337s] Level 1:colcon.colcon_core.environment:checking '/home/danushkara/TDCR_ws/install/tdcr_control/bin'
[4.337s] Level 1:colcon.colcon_core.environment:checking '/home/danushkara/TDCR_ws/install/tdcr_control/lib/pkgconfig/tdcr_control.pc'
[4.338s] Level 1:colcon.colcon_core.environment:checking '/home/danushkara/TDCR_ws/install/tdcr_control/lib/python3.10/site-packages'
[4.338s] Level 1:colcon.colcon_core.environment:checking '/home/danushkara/TDCR_ws/install/tdcr_control/bin'
[4.339s] INFO:colcon.colcon_core.shell:Creating package script '/home/danushkara/TDCR_ws/install/tdcr_control/share/tdcr_control/package.ps1'
[4.339s] INFO:colcon.colcon_core.shell:Creating package descriptor '/home/danushkara/TDCR_ws/install/tdcr_control/share/tdcr_control/package.dsv'
[4.339s] INFO:colcon.colcon_core.shell:Creating package script '/home/danushkara/TDCR_ws/install/tdcr_control/share/tdcr_control/package.sh'
[4.340s] INFO:colcon.colcon_core.shell:Creating package script '/home/danushkara/TDCR_ws/install/tdcr_control/share/tdcr_control/package.bash'
[4.340s] INFO:colcon.colcon_core.shell:Creating package script '/home/danushkara/TDCR_ws/install/tdcr_control/share/tdcr_control/package.zsh'
[4.341s] Level 1:colcon.colcon_core.environment:create_file_with_runtime_dependencies(/home/danushkara/TDCR_ws/install/tdcr_control/share/colcon-core/packages/tdcr_control)
[4.341s] Level 1:colcon.colcon_core.environment:create_environment_scripts_only(tdcr_control)
[4.341s] Level 1:colcon.colcon_core.environment:checking '/home/danushkara/TDCR_ws/install/tdcr_control' for CMake module files
[4.342s] Level 1:colcon.colcon_core.environment:checking '/home/danushkara/TDCR_ws/install/tdcr_control' for CMake config files
[4.342s] Level 1:colcon.colcon_core.shell:create_environment_hook('tdcr_control', 'cmake_prefix_path')
[4.342s] INFO:colcon.colcon_core.shell:Creating environment hook '/home/danushkara/TDCR_ws/install/tdcr_control/share/tdcr_control/hook/cmake_prefix_path.ps1'
[4.343s] INFO:colcon.colcon_core.shell:Creating environment descriptor '/home/danushkara/TDCR_ws/install/tdcr_control/share/tdcr_control/hook/cmake_prefix_path.dsv'
[4.343s] INFO:colcon.colcon_core.shell:Creating environment hook '/home/danushkara/TDCR_ws/install/tdcr_control/share/tdcr_control/hook/cmake_prefix_path.sh'
[4.345s] Level 1:colcon.colcon_core.environment:checking '/home/danushkara/TDCR_ws/install/tdcr_control/bin'
[4.345s] Level 1:colcon.colcon_core.environment:checking '/home/danushkara/TDCR_ws/install/tdcr_control/lib/pkgconfig/tdcr_control.pc'
[4.346s] Level 1:colcon.colcon_core.environment:checking '/home/danushkara/TDCR_ws/install/tdcr_control/lib/python3.10/site-packages'
[4.346s] Level 1:colcon.colcon_core.environment:checking '/home/danushkara/TDCR_ws/install/tdcr_control/bin'
[4.346s] INFO:colcon.colcon_core.shell:Creating package script '/home/danushkara/TDCR_ws/install/tdcr_control/share/tdcr_control/package.ps1'
[4.347s] INFO:colcon.colcon_core.shell:Creating package descriptor '/home/danushkara/TDCR_ws/install/tdcr_control/share/tdcr_control/package.dsv'
[4.347s] INFO:colcon.colcon_core.shell:Creating package script '/home/danushkara/TDCR_ws/install/tdcr_control/share/tdcr_control/package.sh'
[4.348s] INFO:colcon.colcon_core.shell:Creating package script '/home/danushkara/TDCR_ws/install/tdcr_control/share/tdcr_control/package.bash'
[4.351s] INFO:colcon.colcon_core.shell:Creating package script '/home/danushkara/TDCR_ws/install/tdcr_control/share/tdcr_control/package.zsh'
[4.352s] Level 1:colcon.colcon_core.environment:create_file_with_runtime_dependencies(/home/danushkara/TDCR_ws/install/tdcr_control/share/colcon-core/packages/tdcr_control)
[4.352s] DEBUG:colcon.colcon_parallel_executor.executor.parallel:closing loop
[4.353s] DEBUG:colcon.colcon_parallel_executor.executor.parallel:loop closed
[4.353s] DEBUG:colcon.colcon_parallel_executor.executor.parallel:run_until_complete finished with '0'
[4.353s] DEBUG:colcon.colcon_core.event_reactor:joining thread
[4.360s] INFO:colcon.colcon_core.plugin_system:Skipping extension 'colcon_notification.desktop_notification.terminal_notifier': Not used on non-Darwin systems
[4.360s] INFO:colcon.colcon_core.plugin_system:Skipping extension 'colcon_notification.desktop_notification.win32': Not used on non-Windows systems
[4.361s] INFO:colcon.colcon_notification.desktop_notification:Sending desktop notification using 'notify2'
[4.386s] DEBUG:colcon.colcon_core.event_reactor:joined thread
[4.387s] INFO:colcon.colcon_core.shell:Creating prefix script '/home/danushkara/TDCR_ws/install/local_setup.ps1'
[4.388s] INFO:colcon.colcon_core.shell:Creating prefix util module '/home/danushkara/TDCR_ws/install/_local_setup_util_ps1.py'
[4.390s] INFO:colcon.colcon_core.shell:Creating prefix chain script '/home/danushkara/TDCR_ws/install/setup.ps1'
[4.391s] INFO:colcon.colcon_core.shell:Creating prefix script '/home/danushkara/TDCR_ws/install/local_setup.sh'
[4.391s] INFO:colcon.colcon_core.shell:Creating prefix util module '/home/danushkara/TDCR_ws/install/_local_setup_util_sh.py'
[4.392s] INFO:colcon.colcon_core.shell:Creating prefix chain script '/home/danushkara/TDCR_ws/install/setup.sh'
[4.393s] INFO:colcon.colcon_core.shell:Creating prefix script '/home/danushkara/TDCR_ws/install/local_setup.bash'
[4.394s] INFO:colcon.colcon_core.shell:Creating prefix chain script '/home/danushkara/TDCR_ws/install/setup.bash'
[4.397s] INFO:colcon.colcon_core.shell:Creating prefix script '/home/danushkara/TDCR_ws/install/local_setup.zsh'
[4.398s] INFO:colcon.colcon_core.shell:Creating prefix chain script '/home/danushkara/TDCR_ws/install/setup.zsh'
