[0.730s] Invoking command in '/home/danushkara/TDCR_ws/src/tdcr_kinematics': PYTHONPATH=/home/danushkara/TDCR_ws/build/tdcr_kinematics/prefix_override:/usr/lib/python3/dist-packages/colcon_core/task/python/colcon_distutils_commands:/home/danushkara/TDCR_ws/install/tdcr_kinematics/lib/python3.10/site-packages:${PYTHONPATH} /usr/bin/python3 -W ignore:setup.py install is deprecated -W ignore:easy_install command is deprecated setup.py egg_info --egg-base ../../build/tdcr_kinematics build --build-base /home/danushkara/TDCR_ws/build/tdcr_kinematics/build install --record /home/danushkara/TDCR_ws/build/tdcr_kinematics/install.log --single-version-externally-managed install_data
[1.017s] running egg_info
[1.019s] writing ../../build/tdcr_kinematics/tdcr_kinematics.egg-info/PKG-INFO
[1.019s] writing dependency_links to ../../build/tdcr_kinematics/tdcr_kinematics.egg-info/dependency_links.txt
[1.020s] writing entry points to ../../build/tdcr_kinematics/tdcr_kinematics.egg-info/entry_points.txt
[1.020s] writing requirements to ../../build/tdcr_kinematics/tdcr_kinematics.egg-info/requires.txt
[1.020s] writing top-level names to ../../build/tdcr_kinematics/tdcr_kinematics.egg-info/top_level.txt
[1.022s] reading manifest file '../../build/tdcr_kinematics/tdcr_kinematics.egg-info/SOURCES.txt'
[1.023s] writing manifest file '../../build/tdcr_kinematics/tdcr_kinematics.egg-info/SOURCES.txt'
[1.023s] running build
[1.023s] running build_py
[1.024s] running install
[1.024s] running install_lib
[1.026s] running install_data
[1.026s] running install_egg_info
[1.028s] removing '/home/danushkara/TDCR_ws/install/tdcr_kinematics/lib/python3.10/site-packages/tdcr_kinematics-0.0.1-py3.10.egg-info' (and everything under it)
[1.029s] Copying ../../build/tdcr_kinematics/tdcr_kinematics.egg-info to /home/danushkara/TDCR_ws/install/tdcr_kinematics/lib/python3.10/site-packages/tdcr_kinematics-0.0.1-py3.10.egg-info
[1.032s] running install_scripts
[1.055s] Installing kinematics_node script to /home/danushkara/TDCR_ws/install/tdcr_kinematics/lib/tdcr_kinematics
[1.056s] writing list of installed files to '/home/danushkara/TDCR_ws/build/tdcr_kinematics/install.log'
[1.104s] Invoked command in '/home/danushkara/TDCR_ws/src/tdcr_kinematics' returned '0': PYTHONPATH=/home/danushkara/TDCR_ws/build/tdcr_kinematics/prefix_override:/usr/lib/python3/dist-packages/colcon_core/task/python/colcon_distutils_commands:/home/danushkara/TDCR_ws/install/tdcr_kinematics/lib/python3.10/site-packages:${PYTHONPATH} /usr/bin/python3 -W ignore:setup.py install is deprecated -W ignore:easy_install command is deprecated setup.py egg_info --egg-base ../../build/tdcr_kinematics build --build-base /home/danushkara/TDCR_ws/build/tdcr_kinematics/build install --record /home/danushkara/TDCR_ws/build/tdcr_kinematics/install.log --single-version-externally-managed install_data
