running egg_info
writing ../../build/tdcr_jacobian/tdcr_jacobian.egg-info/PKG-INFO
writing dependency_links to ../../build/tdcr_jacobian/tdcr_jacobian.egg-info/dependency_links.txt
writing entry points to ../../build/tdcr_jacobian/tdcr_jacobian.egg-info/entry_points.txt
writing requirements to ../../build/tdcr_jacobian/tdcr_jacobian.egg-info/requires.txt
writing top-level names to ../../build/tdcr_jacobian/tdcr_jacobian.egg-info/top_level.txt
reading manifest file '../../build/tdcr_jacobian/tdcr_jacobian.egg-info/SOURCES.txt'
writing manifest file '../../build/tdcr_jacobian/tdcr_jacobian.egg-info/SOURCES.txt'
running build
running build_py
copying tdcr_jacobian/jacobian_node.py -> /home/danushkara/TDCR_ws/build/tdcr_jacobian/build/lib/tdcr_jacobian
running install
running install_lib
copying /home/danushkara/TDCR_ws/build/tdcr_jacobian/build/lib/tdcr_jacobian/jacobian_node.py -> /home/danushkara/TDCR_ws/install/tdcr_jacobian/lib/python3.10/site-packages/tdcr_jacobian
byte-compiling /home/danushkara/TDCR_ws/install/tdcr_jacobian/lib/python3.10/site-packages/tdcr_jacobian/jacobian_node.py to jacobian_node.cpython-310.pyc
running install_data
copying package.xml -> /home/danushkara/TDCR_ws/install/tdcr_jacobian/share/tdcr_jacobian
running install_egg_info
Copying ../../build/tdcr_jacobian/tdcr_jacobian.egg-info to /home/danushkara/TDCR_ws/install/tdcr_jacobian/lib/python3.10/site-packages/tdcr_jacobian-0.0.1-py3.10.egg-info
running install_scripts
Installing jacobian_node script to /home/danushkara/TDCR_ws/install/tdcr_jacobian/lib/tdcr_jacobian
writing list of installed files to '/home/danushkara/TDCR_ws/build/tdcr_jacobian/install.log'
