running egg_info
creating ../../build/tdcr_kinematics/tdcr_kinematics.egg-info
writing ../../build/tdcr_kinematics/tdcr_kinematics.egg-info/PKG-INFO
writing dependency_links to ../../build/tdcr_kinematics/tdcr_kinematics.egg-info/dependency_links.txt
writing entry points to ../../build/tdcr_kinematics/tdcr_kinematics.egg-info/entry_points.txt
writing requirements to ../../build/tdcr_kinematics/tdcr_kinematics.egg-info/requires.txt
writing top-level names to ../../build/tdcr_kinematics/tdcr_kinematics.egg-info/top_level.txt
writing manifest file '../../build/tdcr_kinematics/tdcr_kinematics.egg-info/SOURCES.txt'
reading manifest file '../../build/tdcr_kinematics/tdcr_kinematics.egg-info/SOURCES.txt'
writing manifest file '../../build/tdcr_kinematics/tdcr_kinematics.egg-info/SOURCES.txt'
running build
running build_py
creating /home/danushkara/TDCR_ws/build/tdcr_kinematics/build
creating /home/danushkara/TDCR_ws/build/tdcr_kinematics/build/lib
creating /home/danushkara/TDCR_ws/build/tdcr_kinematics/build/lib/tdcr_kinematics
copying tdcr_kinematics/__init__.py -> /home/danushkara/TDCR_ws/build/tdcr_kinematics/build/lib/tdcr_kinematics
running install
running install_lib
creating /home/danushkara/TDCR_ws/install/tdcr_kinematics/lib/python3.10/site-packages/tdcr_kinematics
copying /home/danushkara/TDCR_ws/build/tdcr_kinematics/build/lib/tdcr_kinematics/__init__.py -> /home/danushkara/TDCR_ws/install/tdcr_kinematics/lib/python3.10/site-packages/tdcr_kinematics
byte-compiling /home/danushkara/TDCR_ws/install/tdcr_kinematics/lib/python3.10/site-packages/tdcr_kinematics/__init__.py to __init__.cpython-310.pyc
running install_data
creating /home/danushkara/TDCR_ws/install/tdcr_kinematics/share/ament_index
creating /home/danushkara/TDCR_ws/install/tdcr_kinematics/share/ament_index/resource_index
creating /home/danushkara/TDCR_ws/install/tdcr_kinematics/share/ament_index/resource_index/packages
copying resource/tdcr_kinematics -> /home/danushkara/TDCR_ws/install/tdcr_kinematics/share/ament_index/resource_index/packages
copying package.xml -> /home/danushkara/TDCR_ws/install/tdcr_kinematics/share/tdcr_kinematics
running install_egg_info
Copying ../../build/tdcr_kinematics/tdcr_kinematics.egg-info to /home/danushkara/TDCR_ws/install/tdcr_kinematics/lib/python3.10/site-packages/tdcr_kinematics-0.0.0-py3.10.egg-info
running install_scripts
writing list of installed files to '/home/danushkara/TDCR_ws/build/tdcr_kinematics/install.log'
