[0.315s] DEBUG:colcon:Command line arguments: ['/usr/bin/colcon', 'build', '--packages-select', 'tdcr_description']
[0.315s] DEBUG:colcon:Parsed command line arguments: Namespace(log_base=None, log_level=None, verb_name='build', build_base='build', install_base='install', merge_install=False, symlink_install=False, test_result_base=None, continue_on_error=False, executor='parallel', parallel_workers=8, event_handlers=None, ignore_user_meta=False, metas=['./colcon.meta'], base_paths=['.'], packages_ignore=None, packages_ignore_regex=None, paths=None, packages_up_to=None, packages_up_to_regex=None, packages_above=None, packages_above_and_dependencies=None, packages_above_depth=None, packages_select_by_dep=None, packages_skip_by_dep=None, packages_skip_up_to=None, packages_select_build_failed=False, packages_skip_build_finished=False, packages_select_test_failures=False, packages_skip_test_passed=False, packages_select=['tdcr_description'], packages_skip=None, packages_select_regex=None, packages_skip_regex=None, packages_start=None, packages_end=None, allow_overriding=[], cmake_args=None, cmake_target=None, cmake_target_skip_unavailable=False, cmake_clean_cache=False, cmake_clean_first=False, cmake_force_configure=False, ament_cmake_args=None, catkin_cmake_args=None, catkin_skip_building_tests=False, verb_parser=<colcon_defaults.argument_parser.defaults.DefaultArgumentsDecorator object at 0x7a3a28869e70>, verb_extension=<colcon_core.verb.build.BuildVerb object at 0x7a3a28869960>, main=<bound method BuildVerb.main of <colcon_core.verb.build.BuildVerb object at 0x7a3a28869960>>)
[0.893s] Level 1:colcon.colcon_core.package_discovery:discover_packages(colcon_meta) check parameters
[0.893s] Level 1:colcon.colcon_core.package_discovery:discover_packages(recursive) check parameters
[0.893s] Level 1:colcon.colcon_core.package_discovery:discover_packages(ignore) check parameters
[0.893s] Level 1:colcon.colcon_core.package_discovery:discover_packages(path) check parameters
[0.893s] Level 1:colcon.colcon_core.package_discovery:discover_packages(colcon_meta) discover
[0.893s] Level 1:colcon.colcon_core.package_discovery:discover_packages(recursive) discover
[0.893s] INFO:colcon.colcon_core.package_discovery:Crawling recursively for packages in '/home/danushkara/TDCR_ws'
[0.894s] Level 1:colcon.colcon_core.package_identification:_identify(.) by extensions ['ignore', 'ignore_ament_install']
[0.894s] Level 1:colcon.colcon_core.package_identification:_identify(.) by extension 'ignore'
[0.894s] Level 1:colcon.colcon_core.package_identification:_identify(.) by extension 'ignore_ament_install'
[0.894s] Level 1:colcon.colcon_core.package_identification:_identify(.) by extensions ['colcon_pkg']
[0.894s] Level 1:colcon.colcon_core.package_identification:_identify(.) by extension 'colcon_pkg'
[0.894s] Level 1:colcon.colcon_core.package_identification:_identify(.) by extensions ['colcon_meta']
[0.894s] Level 1:colcon.colcon_core.package_identification:_identify(.) by extension 'colcon_meta'
[0.894s] Level 1:colcon.colcon_core.package_identification:_identify(.) by extensions ['ros']
[0.894s] Level 1:colcon.colcon_core.package_identification:_identify(.) by extension 'ros'
[0.909s] Level 1:colcon.colcon_core.package_identification:_identify(.) by extensions ['cmake', 'python']
[0.909s] Level 1:colcon.colcon_core.package_identification:_identify(.) by extension 'cmake'
[0.909s] Level 1:colcon.colcon_core.package_identification:_identify(.) by extension 'python'
[0.909s] Level 1:colcon.colcon_core.package_identification:_identify(.) by extensions ['python_setup_py']
[0.909s] Level 1:colcon.colcon_core.package_identification:_identify(.) by extension 'python_setup_py'
[0.909s] Level 1:colcon.colcon_core.package_identification:_identify(build) by extensions ['ignore', 'ignore_ament_install']
[0.909s] Level 1:colcon.colcon_core.package_identification:_identify(build) by extension 'ignore'
[0.910s] Level 1:colcon.colcon_core.package_identification:_identify(build) ignored
[0.910s] Level 1:colcon.colcon_core.package_identification:_identify(install) by extensions ['ignore', 'ignore_ament_install']
[0.910s] Level 1:colcon.colcon_core.package_identification:_identify(install) by extension 'ignore'
[0.910s] Level 1:colcon.colcon_core.package_identification:_identify(install) ignored
[0.910s] Level 1:colcon.colcon_core.package_identification:_identify(log) by extensions ['ignore', 'ignore_ament_install']
[0.910s] Level 1:colcon.colcon_core.package_identification:_identify(log) by extension 'ignore'
[0.910s] Level 1:colcon.colcon_core.package_identification:_identify(log) ignored
[0.910s] Level 1:colcon.colcon_core.package_identification:_identify(src) by extensions ['ignore', 'ignore_ament_install']
[0.910s] Level 1:colcon.colcon_core.package_identification:_identify(src) by extension 'ignore'
[0.910s] Level 1:colcon.colcon_core.package_identification:_identify(src) by extension 'ignore_ament_install'
[0.910s] Level 1:colcon.colcon_core.package_identification:_identify(src) by extensions ['colcon_pkg']
[0.910s] Level 1:colcon.colcon_core.package_identification:_identify(src) by extension 'colcon_pkg'
[0.910s] Level 1:colcon.colcon_core.package_identification:_identify(src) by extensions ['colcon_meta']
[0.910s] Level 1:colcon.colcon_core.package_identification:_identify(src) by extension 'colcon_meta'
[0.910s] Level 1:colcon.colcon_core.package_identification:_identify(src) by extensions ['ros']
[0.910s] Level 1:colcon.colcon_core.package_identification:_identify(src) by extension 'ros'
[0.910s] Level 1:colcon.colcon_core.package_identification:_identify(src) by extensions ['cmake', 'python']
[0.910s] Level 1:colcon.colcon_core.package_identification:_identify(src) by extension 'cmake'
[0.910s] Level 1:colcon.colcon_core.package_identification:_identify(src) by extension 'python'
[0.910s] Level 1:colcon.colcon_core.package_identification:_identify(src) by extensions ['python_setup_py']
[0.910s] Level 1:colcon.colcon_core.package_identification:_identify(src) by extension 'python_setup_py'
[0.911s] Level 1:colcon.colcon_core.package_identification:_identify(src/tdcr_bringup) by extensions ['ignore', 'ignore_ament_install']
[0.911s] Level 1:colcon.colcon_core.package_identification:_identify(src/tdcr_bringup) by extension 'ignore'
[0.911s] Level 1:colcon.colcon_core.package_identification:_identify(src/tdcr_bringup) by extension 'ignore_ament_install'
[0.911s] Level 1:colcon.colcon_core.package_identification:_identify(src/tdcr_bringup) by extensions ['colcon_pkg']
[0.911s] Level 1:colcon.colcon_core.package_identification:_identify(src/tdcr_bringup) by extension 'colcon_pkg'
[0.912s] Level 1:colcon.colcon_core.package_identification:_identify(src/tdcr_bringup) by extensions ['colcon_meta']
[0.912s] Level 1:colcon.colcon_core.package_identification:_identify(src/tdcr_bringup) by extension 'colcon_meta'
[0.912s] Level 1:colcon.colcon_core.package_identification:_identify(src/tdcr_bringup) by extensions ['ros']
[0.912s] Level 1:colcon.colcon_core.package_identification:_identify(src/tdcr_bringup) by extension 'ros'
[0.916s] DEBUG:colcon.colcon_core.package_identification:Package 'src/tdcr_bringup' with type 'ros.ament_python' and name 'tdcr_bringup'
[0.918s] Level 1:colcon.colcon_core.package_identification:_identify(src/tdcr_control) by extensions ['ignore', 'ignore_ament_install']
[0.919s] Level 1:colcon.colcon_core.package_identification:_identify(src/tdcr_control) by extension 'ignore'
[0.919s] Level 1:colcon.colcon_core.package_identification:_identify(src/tdcr_control) by extension 'ignore_ament_install'
[0.919s] Level 1:colcon.colcon_core.package_identification:_identify(src/tdcr_control) by extensions ['colcon_pkg']
[0.919s] Level 1:colcon.colcon_core.package_identification:_identify(src/tdcr_control) by extension 'colcon_pkg'
[0.920s] Level 1:colcon.colcon_core.package_identification:_identify(src/tdcr_control) by extensions ['colcon_meta']
[0.920s] Level 1:colcon.colcon_core.package_identification:_identify(src/tdcr_control) by extension 'colcon_meta'
[0.920s] Level 1:colcon.colcon_core.package_identification:_identify(src/tdcr_control) by extensions ['ros']
[0.920s] Level 1:colcon.colcon_core.package_identification:_identify(src/tdcr_control) by extension 'ros'
[0.922s] DEBUG:colcon.colcon_core.package_identification:Package 'src/tdcr_control' with type 'ros.ament_cmake' and name 'tdcr_control'
[0.922s] Level 1:colcon.colcon_core.package_identification:_identify(src/tdcr_description) by extensions ['ignore', 'ignore_ament_install']
[0.922s] Level 1:colcon.colcon_core.package_identification:_identify(src/tdcr_description) by extension 'ignore'
[0.922s] Level 1:colcon.colcon_core.package_identification:_identify(src/tdcr_description) by extension 'ignore_ament_install'
[0.922s] Level 1:colcon.colcon_core.package_identification:_identify(src/tdcr_description) by extensions ['colcon_pkg']
[0.922s] Level 1:colcon.colcon_core.package_identification:_identify(src/tdcr_description) by extension 'colcon_pkg'
[0.922s] Level 1:colcon.colcon_core.package_identification:_identify(src/tdcr_description) by extensions ['colcon_meta']
[0.922s] Level 1:colcon.colcon_core.package_identification:_identify(src/tdcr_description) by extension 'colcon_meta'
[0.922s] Level 1:colcon.colcon_core.package_identification:_identify(src/tdcr_description) by extensions ['ros']
[0.922s] Level 1:colcon.colcon_core.package_identification:_identify(src/tdcr_description) by extension 'ros'
[0.923s] DEBUG:colcon.colcon_core.package_identification:Package 'src/tdcr_description' with type 'ros.ament_cmake' and name 'tdcr_description'
[0.924s] Level 1:colcon.colcon_core.package_identification:_identify(src/tdcr_jacobian) by extensions ['ignore', 'ignore_ament_install']
[0.924s] Level 1:colcon.colcon_core.package_identification:_identify(src/tdcr_jacobian) by extension 'ignore'
[0.924s] Level 1:colcon.colcon_core.package_identification:_identify(src/tdcr_jacobian) by extension 'ignore_ament_install'
[0.924s] Level 1:colcon.colcon_core.package_identification:_identify(src/tdcr_jacobian) by extensions ['colcon_pkg']
[0.924s] Level 1:colcon.colcon_core.package_identification:_identify(src/tdcr_jacobian) by extension 'colcon_pkg'
[0.924s] Level 1:colcon.colcon_core.package_identification:_identify(src/tdcr_jacobian) by extensions ['colcon_meta']
[0.924s] Level 1:colcon.colcon_core.package_identification:_identify(src/tdcr_jacobian) by extension 'colcon_meta'
[0.924s] Level 1:colcon.colcon_core.package_identification:_identify(src/tdcr_jacobian) by extensions ['ros']
[0.925s] Level 1:colcon.colcon_core.package_identification:_identify(src/tdcr_jacobian) by extension 'ros'
[0.926s] DEBUG:colcon.colcon_core.package_identification:Package 'src/tdcr_jacobian' with type 'ros.ament_python' and name 'tdcr_jacobian'
[0.927s] Level 1:colcon.colcon_core.package_identification:_identify(src/tdcr_kinematics) by extensions ['ignore', 'ignore_ament_install']
[0.927s] Level 1:colcon.colcon_core.package_identification:_identify(src/tdcr_kinematics) by extension 'ignore'
[0.927s] Level 1:colcon.colcon_core.package_identification:_identify(src/tdcr_kinematics) by extension 'ignore_ament_install'
[0.927s] Level 1:colcon.colcon_core.package_identification:_identify(src/tdcr_kinematics) by extensions ['colcon_pkg']
[0.927s] Level 1:colcon.colcon_core.package_identification:_identify(src/tdcr_kinematics) by extension 'colcon_pkg'
[0.927s] Level 1:colcon.colcon_core.package_identification:_identify(src/tdcr_kinematics) by extensions ['colcon_meta']
[0.927s] Level 1:colcon.colcon_core.package_identification:_identify(src/tdcr_kinematics) by extension 'colcon_meta'
[0.927s] Level 1:colcon.colcon_core.package_identification:_identify(src/tdcr_kinematics) by extensions ['ros']
[0.927s] Level 1:colcon.colcon_core.package_identification:_identify(src/tdcr_kinematics) by extension 'ros'
[0.928s] DEBUG:colcon.colcon_core.package_identification:Failed to parse potential ROS package manifest in'src/tdcr_kinematics': Error(s) in package 'src/tdcr_kinematics/package.xml':
The manifest contains invalid XML:
junk after document element: line 4, column 0
[0.929s] Level 1:colcon.colcon_core.package_identification:_identify(src/tdcr_kinematics) by extensions ['cmake', 'python']
[0.929s] Level 1:colcon.colcon_core.package_identification:_identify(src/tdcr_kinematics) by extension 'cmake'
[0.929s] Level 1:colcon.colcon_core.package_identification:_identify(src/tdcr_kinematics) by extension 'python'
[0.929s] DEBUG:colcon.colcon_core.package_identification:Python package in 'src/tdcr_kinematics' passes arguments to the setup() function which requires a different identification extension than 'python'
[0.929s] Level 1:colcon.colcon_core.package_identification:_identify(src/tdcr_kinematics) by extensions ['python_setup_py']
[0.929s] Level 1:colcon.colcon_core.package_identification:_identify(src/tdcr_kinematics) by extension 'python_setup_py'
[1.211s] DEBUG:colcon.colcon_core.package_identification:Package 'src/tdcr_kinematics' with type 'python' and name 'tdcr_kinematics'
[1.211s] Level 1:colcon.colcon_core.package_discovery:discover_packages(recursive) using defaults
[1.211s] Level 1:colcon.colcon_core.package_discovery:discover_packages(ignore) discover
[1.211s] Level 1:colcon.colcon_core.package_discovery:discover_packages(ignore) using defaults
[1.211s] Level 1:colcon.colcon_core.package_discovery:discover_packages(path) discover
[1.211s] Level 1:colcon.colcon_core.package_discovery:discover_packages(path) using defaults
[1.275s] INFO:colcon.colcon_core.package_selection:Skipping not selected package 'tdcr_bringup' in 'src/tdcr_bringup'
[1.275s] INFO:colcon.colcon_core.package_selection:Skipping not selected package 'tdcr_control' in 'src/tdcr_control'
[1.275s] INFO:colcon.colcon_core.package_selection:Skipping not selected package 'tdcr_jacobian' in 'src/tdcr_jacobian'
[1.275s] INFO:colcon.colcon_core.package_selection:Skipping not selected package 'tdcr_kinematics' in 'src/tdcr_kinematics'
[1.276s] Level 1:colcon.colcon_core.package_discovery:discover_packages(prefix_path) check parameters
[1.276s] Level 1:colcon.colcon_core.package_discovery:discover_packages(prefix_path) discover
[1.285s] DEBUG:colcon.colcon_installed_package_information.package_discovery:Found 5 installed packages in /home/danushkara/TDCR_ws/install
[1.286s] DEBUG:colcon.colcon_installed_package_information.package_discovery:Found 420 installed packages in /opt/ros/humble
[1.288s] Level 1:colcon.colcon_core.package_discovery:discover_packages(prefix_path) using defaults
[1.334s] Level 5:colcon.colcon_core.verb:set package 'tdcr_description' build argument 'cmake_args' from command line to 'None'
[1.334s] Level 5:colcon.colcon_core.verb:set package 'tdcr_description' build argument 'cmake_target' from command line to 'None'
[1.335s] Level 5:colcon.colcon_core.verb:set package 'tdcr_description' build argument 'cmake_target_skip_unavailable' from command line to 'False'
[1.335s] Level 5:colcon.colcon_core.verb:set package 'tdcr_description' build argument 'cmake_clean_cache' from command line to 'False'
[1.335s] Level 5:colcon.colcon_core.verb:set package 'tdcr_description' build argument 'cmake_clean_first' from command line to 'False'
[1.335s] Level 5:colcon.colcon_core.verb:set package 'tdcr_description' build argument 'cmake_force_configure' from command line to 'False'
[1.335s] Level 5:colcon.colcon_core.verb:set package 'tdcr_description' build argument 'ament_cmake_args' from command line to 'None'
[1.335s] Level 5:colcon.colcon_core.verb:set package 'tdcr_description' build argument 'catkin_cmake_args' from command line to 'None'
[1.335s] Level 5:colcon.colcon_core.verb:set package 'tdcr_description' build argument 'catkin_skip_building_tests' from command line to 'False'
[1.335s] DEBUG:colcon.colcon_core.verb:Building package 'tdcr_description' with the following arguments: {'ament_cmake_args': None, 'build_base': '/home/danushkara/TDCR_ws/build/tdcr_description', 'catkin_cmake_args': None, 'catkin_skip_building_tests': False, 'cmake_args': None, 'cmake_clean_cache': False, 'cmake_clean_first': False, 'cmake_force_configure': False, 'cmake_target': None, 'cmake_target_skip_unavailable': False, 'install_base': '/home/danushkara/TDCR_ws/install/tdcr_description', 'merge_install': False, 'path': '/home/danushkara/TDCR_ws/src/tdcr_description', 'symlink_install': False, 'test_result_base': None}
[1.335s] INFO:colcon.colcon_core.executor:Executing jobs using 'parallel' executor
[1.337s] DEBUG:colcon.colcon_parallel_executor.executor.parallel:run_until_complete
[1.338s] INFO:colcon.colcon_ros.task.ament_cmake.build:Building ROS package in '/home/danushkara/TDCR_ws/src/tdcr_description' with build type 'ament_cmake'
[1.338s] INFO:colcon.colcon_cmake.task.cmake.build:Building CMake package in '/home/danushkara/TDCR_ws/src/tdcr_description'
[1.362s] INFO:colcon.colcon_core.plugin_system:Skipping extension 'colcon_core.shell.bat': Not used on non-Windows systems
[1.363s] INFO:colcon.colcon_core.shell:Skip shell extension 'powershell' for command environment: Not usable outside of PowerShell
[1.363s] DEBUG:colcon.colcon_core.shell:Skip shell extension 'dsv' for command environment
[1.394s] DEBUG:colcon.colcon_core.event_handler.log_command:Invoking command in '/home/danushkara/TDCR_ws/build/tdcr_description': CMAKE_PREFIX_PATH=${CMAKE_PREFIX_PATH}:/home/danushkara/TDCR_ws/install/tdcr_bringup:/home/danushkara/TDCR_ws/install/tdcr_jacobian:/home/danushkara/TDCR_ws/install/tdcr_kinematics:/opt/ros/humble /usr/bin/cmake --build /home/danushkara/TDCR_ws/build/tdcr_description -- -j8 -l8
[1.603s] DEBUG:colcon.colcon_core.event_handler.log_command:Invoked command in '/home/danushkara/TDCR_ws/build/tdcr_description' returned '0': CMAKE_PREFIX_PATH=${CMAKE_PREFIX_PATH}:/home/danushkara/TDCR_ws/install/tdcr_bringup:/home/danushkara/TDCR_ws/install/tdcr_jacobian:/home/danushkara/TDCR_ws/install/tdcr_kinematics:/opt/ros/humble /usr/bin/cmake --build /home/danushkara/TDCR_ws/build/tdcr_description -- -j8 -l8
[1.622s] DEBUG:colcon.colcon_core.event_handler.log_command:Invoking command in '/home/danushkara/TDCR_ws/build/tdcr_description': CMAKE_PREFIX_PATH=${CMAKE_PREFIX_PATH}:/home/danushkara/TDCR_ws/install/tdcr_bringup:/home/danushkara/TDCR_ws/install/tdcr_jacobian:/home/danushkara/TDCR_ws/install/tdcr_kinematics:/opt/ros/humble /usr/bin/cmake --install /home/danushkara/TDCR_ws/build/tdcr_description
[1.645s] Level 1:colcon.colcon_core.environment:create_environment_scripts_only(tdcr_description)
[1.647s] DEBUG:colcon.colcon_core.event_handler.log_command:Invoked command in '/home/danushkara/TDCR_ws/build/tdcr_description' returned '0': CMAKE_PREFIX_PATH=${CMAKE_PREFIX_PATH}:/home/danushkara/TDCR_ws/install/tdcr_bringup:/home/danushkara/TDCR_ws/install/tdcr_jacobian:/home/danushkara/TDCR_ws/install/tdcr_kinematics:/opt/ros/humble /usr/bin/cmake --install /home/danushkara/TDCR_ws/build/tdcr_description
[1.672s] Level 1:colcon.colcon_core.environment:checking '/home/danushkara/TDCR_ws/install/tdcr_description' for CMake module files
[1.672s] Level 1:colcon.colcon_core.environment:checking '/home/danushkara/TDCR_ws/install/tdcr_description' for CMake config files
[1.673s] Level 1:colcon.colcon_core.shell:create_environment_hook('tdcr_description', 'cmake_prefix_path')
[1.673s] INFO:colcon.colcon_core.shell:Creating environment hook '/home/danushkara/TDCR_ws/install/tdcr_description/share/tdcr_description/hook/cmake_prefix_path.ps1'
[1.676s] INFO:colcon.colcon_core.shell:Creating environment descriptor '/home/danushkara/TDCR_ws/install/tdcr_description/share/tdcr_description/hook/cmake_prefix_path.dsv'
[1.679s] INFO:colcon.colcon_core.shell:Creating environment hook '/home/danushkara/TDCR_ws/install/tdcr_description/share/tdcr_description/hook/cmake_prefix_path.sh'
[1.681s] Level 1:colcon.colcon_core.environment:checking '/home/danushkara/TDCR_ws/install/tdcr_description/bin'
[1.681s] Level 1:colcon.colcon_core.environment:checking '/home/danushkara/TDCR_ws/install/tdcr_description/lib/pkgconfig/tdcr_description.pc'
[1.681s] Level 1:colcon.colcon_core.environment:checking '/home/danushkara/TDCR_ws/install/tdcr_description/lib/python3.10/site-packages'
[1.681s] Level 1:colcon.colcon_core.environment:checking '/home/danushkara/TDCR_ws/install/tdcr_description/bin'
[1.682s] INFO:colcon.colcon_core.shell:Creating package script '/home/danushkara/TDCR_ws/install/tdcr_description/share/tdcr_description/package.ps1'
[1.684s] INFO:colcon.colcon_core.shell:Creating package descriptor '/home/danushkara/TDCR_ws/install/tdcr_description/share/tdcr_description/package.dsv'
[1.685s] INFO:colcon.colcon_core.shell:Creating package script '/home/danushkara/TDCR_ws/install/tdcr_description/share/tdcr_description/package.sh'
[1.687s] INFO:colcon.colcon_core.shell:Creating package script '/home/danushkara/TDCR_ws/install/tdcr_description/share/tdcr_description/package.bash'
[1.689s] INFO:colcon.colcon_core.shell:Creating package script '/home/danushkara/TDCR_ws/install/tdcr_description/share/tdcr_description/package.zsh'
[1.692s] Level 1:colcon.colcon_core.environment:create_file_with_runtime_dependencies(/home/danushkara/TDCR_ws/install/tdcr_description/share/colcon-core/packages/tdcr_description)
[1.693s] Level 1:colcon.colcon_core.environment:create_environment_scripts_only(tdcr_description)
[1.693s] Level 1:colcon.colcon_core.environment:checking '/home/danushkara/TDCR_ws/install/tdcr_description' for CMake module files
[1.694s] Level 1:colcon.colcon_core.environment:checking '/home/danushkara/TDCR_ws/install/tdcr_description' for CMake config files
[1.694s] Level 1:colcon.colcon_core.shell:create_environment_hook('tdcr_description', 'cmake_prefix_path')
[1.694s] INFO:colcon.colcon_core.shell:Creating environment hook '/home/danushkara/TDCR_ws/install/tdcr_description/share/tdcr_description/hook/cmake_prefix_path.ps1'
[1.694s] INFO:colcon.colcon_core.shell:Creating environment descriptor '/home/danushkara/TDCR_ws/install/tdcr_description/share/tdcr_description/hook/cmake_prefix_path.dsv'
[1.695s] INFO:colcon.colcon_core.shell:Creating environment hook '/home/danushkara/TDCR_ws/install/tdcr_description/share/tdcr_description/hook/cmake_prefix_path.sh'
[1.696s] Level 1:colcon.colcon_core.environment:checking '/home/danushkara/TDCR_ws/install/tdcr_description/bin'
[1.696s] Level 1:colcon.colcon_core.environment:checking '/home/danushkara/TDCR_ws/install/tdcr_description/lib/pkgconfig/tdcr_description.pc'
[1.696s] Level 1:colcon.colcon_core.environment:checking '/home/danushkara/TDCR_ws/install/tdcr_description/lib/python3.10/site-packages'
[1.697s] Level 1:colcon.colcon_core.environment:checking '/home/danushkara/TDCR_ws/install/tdcr_description/bin'
[1.697s] INFO:colcon.colcon_core.shell:Creating package script '/home/danushkara/TDCR_ws/install/tdcr_description/share/tdcr_description/package.ps1'
[1.698s] INFO:colcon.colcon_core.shell:Creating package descriptor '/home/danushkara/TDCR_ws/install/tdcr_description/share/tdcr_description/package.dsv'
[1.699s] INFO:colcon.colcon_core.shell:Creating package script '/home/danushkara/TDCR_ws/install/tdcr_description/share/tdcr_description/package.sh'
[1.699s] INFO:colcon.colcon_core.shell:Creating package script '/home/danushkara/TDCR_ws/install/tdcr_description/share/tdcr_description/package.bash'
[1.700s] INFO:colcon.colcon_core.shell:Creating package script '/home/danushkara/TDCR_ws/install/tdcr_description/share/tdcr_description/package.zsh'
[1.701s] Level 1:colcon.colcon_core.environment:create_file_with_runtime_dependencies(/home/danushkara/TDCR_ws/install/tdcr_description/share/colcon-core/packages/tdcr_description)
[1.701s] DEBUG:colcon.colcon_parallel_executor.executor.parallel:closing loop
[1.702s] DEBUG:colcon.colcon_parallel_executor.executor.parallel:loop closed
[1.702s] DEBUG:colcon.colcon_parallel_executor.executor.parallel:run_until_complete finished with '0'
[1.703s] DEBUG:colcon.colcon_core.event_reactor:joining thread
[1.720s] INFO:colcon.colcon_core.plugin_system:Skipping extension 'colcon_notification.desktop_notification.terminal_notifier': Not used on non-Darwin systems
[1.721s] INFO:colcon.colcon_core.plugin_system:Skipping extension 'colcon_notification.desktop_notification.win32': Not used on non-Windows systems
[1.721s] INFO:colcon.colcon_notification.desktop_notification:Sending desktop notification using 'notify2'
[1.757s] DEBUG:colcon.colcon_core.event_reactor:joined thread
[1.758s] INFO:colcon.colcon_core.shell:Creating prefix script '/home/danushkara/TDCR_ws/install/local_setup.ps1'
[1.760s] INFO:colcon.colcon_core.shell:Creating prefix util module '/home/danushkara/TDCR_ws/install/_local_setup_util_ps1.py'
[1.767s] INFO:colcon.colcon_core.shell:Creating prefix chain script '/home/danushkara/TDCR_ws/install/setup.ps1'
[1.770s] INFO:colcon.colcon_core.shell:Creating prefix script '/home/danushkara/TDCR_ws/install/local_setup.sh'
[1.773s] INFO:colcon.colcon_core.shell:Creating prefix util module '/home/danushkara/TDCR_ws/install/_local_setup_util_sh.py'
[1.773s] INFO:colcon.colcon_core.shell:Creating prefix chain script '/home/danushkara/TDCR_ws/install/setup.sh'
[1.776s] INFO:colcon.colcon_core.shell:Creating prefix script '/home/danushkara/TDCR_ws/install/local_setup.bash'
[1.778s] INFO:colcon.colcon_core.shell:Creating prefix chain script '/home/danushkara/TDCR_ws/install/setup.bash'
[1.781s] INFO:colcon.colcon_core.shell:Creating prefix script '/home/danushkara/TDCR_ws/install/local_setup.zsh'
[1.782s] INFO:colcon.colcon_core.shell:Creating prefix chain script '/home/danushkara/TDCR_ws/install/setup.zsh'
