[2.246s] Invoking command in '/home/danushkara/TDCR_ws/src/tdcr_description': PYTHONPATH=/home/danushkara/TDCR_ws/build/tdcr_description/prefix_override:/usr/lib/python3/dist-packages/colcon_core/task/python/colcon_distutils_commands:/home/danushkara/TDCR_ws/install/tdcr_description/lib/python3.10/site-packages:${PYTHONPATH} /usr/bin/python3 -W ignore:setup.py install is deprecated -W ignore:easy_install command is deprecated setup.py egg_info --egg-base ../../build/tdcr_description build --build-base /home/danushkara/TDCR_ws/build/tdcr_description/build install --record /home/danushkara/TDCR_ws/build/tdcr_description/install.log --single-version-externally-managed install_data
[2.716s] running egg_info
[2.716s] creating ../../build/tdcr_description/tdcr_description.egg-info
[2.716s] writing ../../build/tdcr_description/tdcr_description.egg-info/PKG-INFO
[2.717s] writing dependency_links to ../../build/tdcr_description/tdcr_description.egg-info/dependency_links.txt
[2.718s] writing entry points to ../../build/tdcr_description/tdcr_description.egg-info/entry_points.txt
[2.718s] writing requirements to ../../build/tdcr_description/tdcr_description.egg-info/requires.txt
[2.718s] writing top-level names to ../../build/tdcr_description/tdcr_description.egg-info/top_level.txt
[2.719s] writing manifest file '../../build/tdcr_description/tdcr_description.egg-info/SOURCES.txt'
[2.719s] reading manifest file '../../build/tdcr_description/tdcr_description.egg-info/SOURCES.txt'
[2.720s] writing manifest file '../../build/tdcr_description/tdcr_description.egg-info/SOURCES.txt'
[2.721s] running build
[2.721s] running build_py
[2.722s] creating /home/danushkara/TDCR_ws/build/tdcr_description/build
[2.722s] creating /home/danushkara/TDCR_ws/build/tdcr_description/build/lib
[2.722s] creating /home/danushkara/TDCR_ws/build/tdcr_description/build/lib/tdcr_description
[2.722s] copying tdcr_description/__init__.py -> /home/danushkara/TDCR_ws/build/tdcr_description/build/lib/tdcr_description
[2.723s] running install
[2.723s] running install_lib
[2.723s] creating /home/danushkara/TDCR_ws/install/tdcr_description/lib/python3.10/site-packages/tdcr_description
[2.723s] copying /home/danushkara/TDCR_ws/build/tdcr_description/build/lib/tdcr_description/__init__.py -> /home/danushkara/TDCR_ws/install/tdcr_description/lib/python3.10/site-packages/tdcr_description
[2.723s] byte-compiling /home/danushkara/TDCR_ws/install/tdcr_description/lib/python3.10/site-packages/tdcr_description/__init__.py to __init__.cpython-310.pyc
[2.724s] running install_data
[2.724s] creating /home/danushkara/TDCR_ws/install/tdcr_description/share/ament_index
[2.724s] creating /home/danushkara/TDCR_ws/install/tdcr_description/share/ament_index/resource_index
[2.724s] creating /home/danushkara/TDCR_ws/install/tdcr_description/share/ament_index/resource_index/packages
[2.725s] copying resource/tdcr_description -> /home/danushkara/TDCR_ws/install/tdcr_description/share/ament_index/resource_index/packages
[2.725s] copying package.xml -> /home/danushkara/TDCR_ws/install/tdcr_description/share/tdcr_description
[2.725s] running install_egg_info
[2.728s] Copying ../../build/tdcr_description/tdcr_description.egg-info to /home/danushkara/TDCR_ws/install/tdcr_description/lib/python3.10/site-packages/tdcr_description-0.0.0-py3.10.egg-info
[2.730s] running install_scripts
[2.775s] writing list of installed files to '/home/danushkara/TDCR_ws/build/tdcr_description/install.log'
[2.808s] Invoked command in '/home/danushkara/TDCR_ws/src/tdcr_description' returned '0': PYTHONPATH=/home/danushkara/TDCR_ws/build/tdcr_description/prefix_override:/usr/lib/python3/dist-packages/colcon_core/task/python/colcon_distutils_commands:/home/danushkara/TDCR_ws/install/tdcr_description/lib/python3.10/site-packages:${PYTHONPATH} /usr/bin/python3 -W ignore:setup.py install is deprecated -W ignore:easy_install command is deprecated setup.py egg_info --egg-base ../../build/tdcr_description build --build-base /home/danushkara/TDCR_ws/build/tdcr_description/build install --record /home/danushkara/TDCR_ws/build/tdcr_description/install.log --single-version-externally-managed install_data
