[0.602s] Invoking command in '/home/danushkara/TDCR_ws/src/tdcr_kinematics': PYTHONPATH=/home/danushkara/TDCR_ws/build/tdcr_kinematics/prefix_override:/usr/lib/python3/dist-packages/colcon_core/task/python/colcon_distutils_commands:/home/danushkara/TDCR_ws/install/tdcr_kinematics/lib/python3.10/site-packages:${PYTHONPATH} /usr/bin/python3 -W ignore:setup.py install is deprecated -W ignore:easy_install command is deprecated setup.py egg_info --egg-base ../../build/tdcr_kinematics build --build-base /home/danushkara/TDCR_ws/build/tdcr_kinematics/build install --record /home/danushkara/TDCR_ws/build/tdcr_kinematics/install.log --single-version-externally-managed install_data
[0.758s] running egg_info
[0.758s] writing ../../build/tdcr_kinematics/tdcr_kinematics.egg-info/PKG-INFO
[0.758s] writing dependency_links to ../../build/tdcr_kinematics/tdcr_kinematics.egg-info/dependency_links.txt
[0.758s] writing entry points to ../../build/tdcr_kinematics/tdcr_kinematics.egg-info/entry_points.txt
[0.763s] writing requirements to ../../build/tdcr_kinematics/tdcr_kinematics.egg-info/requires.txt
[0.763s] writing top-level names to ../../build/tdcr_kinematics/tdcr_kinematics.egg-info/top_level.txt
[0.763s] reading manifest file '../../build/tdcr_kinematics/tdcr_kinematics.egg-info/SOURCES.txt'
[0.763s] writing manifest file '../../build/tdcr_kinematics/tdcr_kinematics.egg-info/SOURCES.txt'
[0.763s] running build
[0.763s] running build_py
[0.763s] copying tdcr_kinematics/prb_kinematics.py -> /home/danushkara/TDCR_ws/build/tdcr_kinematics/build/lib/tdcr_kinematics
[0.763s] running install
[0.763s] running install_lib
[0.765s] copying /home/danushkara/TDCR_ws/build/tdcr_kinematics/build/lib/tdcr_kinematics/prb_kinematics.py -> /home/danushkara/TDCR_ws/install/tdcr_kinematics/lib/python3.10/site-packages/tdcr_kinematics
[0.765s] byte-compiling /home/danushkara/TDCR_ws/install/tdcr_kinematics/lib/python3.10/site-packages/tdcr_kinematics/prb_kinematics.py to prb_kinematics.cpython-310.pyc
[0.767s] running install_data
[0.767s] running install_egg_info
[0.768s] removing '/home/danushkara/TDCR_ws/install/tdcr_kinematics/lib/python3.10/site-packages/tdcr_kinematics-0.0.1-py3.10.egg-info' (and everything under it)
[0.768s] Copying ../../build/tdcr_kinematics/tdcr_kinematics.egg-info to /home/danushkara/TDCR_ws/install/tdcr_kinematics/lib/python3.10/site-packages/tdcr_kinematics-0.0.1-py3.10.egg-info
[0.769s] running install_scripts
[0.785s] Installing kinematics_node script to /home/danushkara/TDCR_ws/install/tdcr_kinematics/lib/tdcr_kinematics
[0.785s] writing list of installed files to '/home/danushkara/TDCR_ws/build/tdcr_kinematics/install.log'
[0.803s] Invoked command in '/home/danushkara/TDCR_ws/src/tdcr_kinematics' returned '0': PYTHONPATH=/home/danushkara/TDCR_ws/build/tdcr_kinematics/prefix_override:/usr/lib/python3/dist-packages/colcon_core/task/python/colcon_distutils_commands:/home/danushkara/TDCR_ws/install/tdcr_kinematics/lib/python3.10/site-packages:${PYTHONPATH} /usr/bin/python3 -W ignore:setup.py install is deprecated -W ignore:easy_install command is deprecated setup.py egg_info --egg-base ../../build/tdcr_kinematics build --build-base /home/danushkara/TDCR_ws/build/tdcr_kinematics/build install --record /home/danushkara/TDCR_ws/build/tdcr_kinematics/install.log --single-version-externally-managed install_data
