[1.691s] Invoking command in '/home/danushkara/TDCR_ws/src/tdcr_jacobian': PYTHONPATH=/home/danushkara/TDCR_ws/build/tdcr_jacobian/prefix_override:/usr/lib/python3/dist-packages/colcon_core/task/python/colcon_distutils_commands:/home/danushkara/TDCR_ws/install/tdcr_jacobian/lib/python3.10/site-packages:${PYTHONPATH} /usr/bin/python3 -W ignore:setup.py install is deprecated -W ignore:easy_install command is deprecated setup.py egg_info --egg-base ../../build/tdcr_jacobian build --build-base /home/danushkara/TDCR_ws/build/tdcr_jacobian/build install --record /home/danushkara/TDCR_ws/build/tdcr_jacobian/install.log --single-version-externally-managed install_data
[1.850s] running egg_info
[1.855s] writing ../../build/tdcr_jacobian/tdcr_jacobian.egg-info/PKG-INFO
[1.882s] writing dependency_links to ../../build/tdcr_jacobian/tdcr_jacobian.egg-info/dependency_links.txt
[1.882s] writing entry points to ../../build/tdcr_jacobian/tdcr_jacobian.egg-info/entry_points.txt
[1.882s] writing requirements to ../../build/tdcr_jacobian/tdcr_jacobian.egg-info/requires.txt
[1.882s] writing top-level names to ../../build/tdcr_jacobian/tdcr_jacobian.egg-info/top_level.txt
[1.885s] reading manifest file '../../build/tdcr_jacobian/tdcr_jacobian.egg-info/SOURCES.txt'
[1.893s] writing manifest file '../../build/tdcr_jacobian/tdcr_jacobian.egg-info/SOURCES.txt'
[1.893s] running build
[1.893s] running build_py
[1.897s] running install
[1.897s] running install_lib
[1.901s] running install_data
[1.902s] running install_egg_info
[1.905s] removing '/home/danushkara/TDCR_ws/install/tdcr_jacobian/lib/python3.10/site-packages/tdcr_jacobian-0.0.0-py3.10.egg-info' (and everything under it)
[1.906s] Copying ../../build/tdcr_jacobian/tdcr_jacobian.egg-info to /home/danushkara/TDCR_ws/install/tdcr_jacobian/lib/python3.10/site-packages/tdcr_jacobian-0.0.0-py3.10.egg-info
[1.908s] running install_scripts
[1.926s] writing list of installed files to '/home/danushkara/TDCR_ws/build/tdcr_jacobian/install.log'
[2.093s] Invoked command in '/home/danushkara/TDCR_ws/src/tdcr_jacobian' returned '0': PYTHONPATH=/home/danushkara/TDCR_ws/build/tdcr_jacobian/prefix_override:/usr/lib/python3/dist-packages/colcon_core/task/python/colcon_distutils_commands:/home/danushkara/TDCR_ws/install/tdcr_jacobian/lib/python3.10/site-packages:${PYTHONPATH} /usr/bin/python3 -W ignore:setup.py install is deprecated -W ignore:easy_install command is deprecated setup.py egg_info --egg-base ../../build/tdcr_jacobian build --build-base /home/danushkara/TDCR_ws/build/tdcr_jacobian/build install --record /home/danushkara/TDCR_ws/build/tdcr_jacobian/install.log --single-version-externally-managed install_data
