[1.704s] Invoking command in '/home/danushkara/TDCR_ws/src/tdcr_description': PYTHONPATH=/home/danushkara/TDCR_ws/build/tdcr_description/prefix_override:/usr/lib/python3/dist-packages/colcon_core/task/python/colcon_distutils_commands:/home/danushkara/TDCR_ws/install/tdcr_description/lib/python3.10/site-packages:${PYTHONPATH} /usr/bin/python3 -W ignore:setup.py install is deprecated -W ignore:easy_install command is deprecated setup.py egg_info --egg-base ../../build/tdcr_description build --build-base /home/danushkara/TDCR_ws/build/tdcr_description/build install --record /home/danushkara/TDCR_ws/build/tdcr_description/install.log --single-version-externally-managed install_data
[1.872s] running egg_info
[1.873s] writing ../../build/tdcr_description/tdcr_description.egg-info/PKG-INFO
[1.899s] writing dependency_links to ../../build/tdcr_description/tdcr_description.egg-info/dependency_links.txt
[1.899s] writing entry points to ../../build/tdcr_description/tdcr_description.egg-info/entry_points.txt
[1.900s] writing requirements to ../../build/tdcr_description/tdcr_description.egg-info/requires.txt
[1.902s] writing top-level names to ../../build/tdcr_description/tdcr_description.egg-info/top_level.txt
[1.904s] reading manifest file '../../build/tdcr_description/tdcr_description.egg-info/SOURCES.txt'
[1.908s] writing manifest file '../../build/tdcr_description/tdcr_description.egg-info/SOURCES.txt'
[1.908s] running build
[1.908s] running build_py
[1.911s] running install
[1.911s] running install_lib
[1.915s] running install_data
[1.915s] running install_egg_info
[1.917s] removing '/home/danushkara/TDCR_ws/install/tdcr_description/lib/python3.10/site-packages/tdcr_description-0.0.0-py3.10.egg-info' (and everything under it)
[1.917s] Copying ../../build/tdcr_description/tdcr_description.egg-info to /home/danushkara/TDCR_ws/install/tdcr_description/lib/python3.10/site-packages/tdcr_description-0.0.0-py3.10.egg-info
[1.919s] running install_scripts
[1.958s] writing list of installed files to '/home/danushkara/TDCR_ws/build/tdcr_description/install.log'
[2.084s] Invoked command in '/home/danushkara/TDCR_ws/src/tdcr_description' returned '0': PYTHONPATH=/home/danushkara/TDCR_ws/build/tdcr_description/prefix_override:/usr/lib/python3/dist-packages/colcon_core/task/python/colcon_distutils_commands:/home/danushkara/TDCR_ws/install/tdcr_description/lib/python3.10/site-packages:${PYTHONPATH} /usr/bin/python3 -W ignore:setup.py install is deprecated -W ignore:easy_install command is deprecated setup.py egg_info --egg-base ../../build/tdcr_description build --build-base /home/danushkara/TDCR_ws/build/tdcr_description/build install --record /home/danushkara/TDCR_ws/build/tdcr_description/install.log --single-version-externally-managed install_data
