[0.323s] Invoking command in '/home/danushkara/TDCR_ws/build/tdcr_control': CMAKE_PREFIX_PATH=/opt/ros/humble /usr/bin/cmake /home/danushkara/TDCR_ws/src/tdcr_control -DCMAKE_INSTALL_PREFIX=/home/danushkara/TDCR_ws/install/tdcr_control
[0.861s] -- The C compiler identification is GNU 11.4.0
[0.862s] -- The CXX compiler identification is GNU 11.4.0
[0.868s] -- Detecting C compiler ABI info
[1.008s] -- Detecting C compiler ABI info - done
[1.015s] -- Check for working C compiler: /usr/bin/cc - skipped
[1.016s] -- Detecting C compile features
[1.019s] -- Detecting C compile features - done
[1.025s] -- Detecting CXX compiler ABI info
[1.153s] -- Detecting CXX compiler ABI info - done
[1.166s] -- Check for working CXX compiler: /usr/bin/c++ - skipped
[1.167s] -- Detecting CXX compile features
[1.168s] -- Detecting CXX compile features - done
[1.180s] -- Found ament_cmake: 1.3.14 (/opt/ros/humble/share/ament_cmake/cmake)
[1.627s] -- Found Python3: /usr/bin/python3 (found version "3.10.12") found components: Interpreter 
[2.007s] -- Found rclcpp: 16.0.19 (/opt/ros/humble/share/rclcpp/cmake)
[2.271s] -- Found rosidl_generator_c: 3.1.8 (/opt/ros/humble/share/rosidl_generator_c/cmake)
[2.285s] -- Found rosidl_adapter: 3.1.8 (/opt/ros/humble/share/rosidl_adapter/cmake)
[2.310s] -- Found rosidl_generator_cpp: 3.1.8 (/opt/ros/humble/share/rosidl_generator_cpp/cmake)
[2.346s] -- Using all available rosidl_typesupport_c: rosidl_typesupport_fastrtps_c;rosidl_typesupport_introspection_c
[2.383s] -- Using all available rosidl_typesupport_cpp: rosidl_typesupport_fastrtps_cpp;rosidl_typesupport_introspection_cpp
[2.525s] -- Found rmw_implementation_cmake: 6.1.2 (/opt/ros/humble/share/rmw_implementation_cmake/cmake)
[2.703s] -- Found rmw_fastrtps_cpp: 6.2.10 (/opt/ros/humble/share/rmw_fastrtps_cpp/cmake)
[2.928s] -- Found OpenSSL: /usr/lib/x86_64-linux-gnu/libcrypto.so (found version "3.0.2")  
[2.959s] -- Found FastRTPS: /opt/ros/humble/include  
[3.004s] -- Using RMW implementation 'rmw_fastrtps_cpp' as default
[3.033s] -- Looking for pthread.h
[3.138s] -- Looking for pthread.h - found
[3.139s] -- Performing Test CMAKE_HAVE_LIBC_PTHREAD
[3.290s] -- Performing Test CMAKE_HAVE_LIBC_PTHREAD - Success
[3.290s] -- Found Threads: TRUE  
[3.426s] -- Found hardware_interface: 2.54.0 (/opt/ros/humble/share/hardware_interface/cmake)
[3.749s] -- Found ament_lint_auto: 0.12.15 (/opt/ros/humble/share/ament_lint_auto/cmake)
[3.857s] -- Added test 'lint_cmake' to check CMake code style
[3.860s] -- Added test 'xmllint' to check XML markup files
[3.862s] -- Configuring done
[3.868s] -- Generating done
[3.870s] -- Build files have been written to: /home/danushkara/TDCR_ws/build/tdcr_control
[3.883s] Invoked command in '/home/danushkara/TDCR_ws/build/tdcr_control' returned '0': CMAKE_PREFIX_PATH=/opt/ros/humble /usr/bin/cmake /home/danushkara/TDCR_ws/src/tdcr_control -DCMAKE_INSTALL_PREFIX=/home/danushkara/TDCR_ws/install/tdcr_control
[3.883s] Invoking command in '/home/danushkara/TDCR_ws/build/tdcr_control': CMAKE_PREFIX_PATH=/opt/ros/humble /usr/bin/cmake --build /home/danushkara/TDCR_ws/build/tdcr_control -- -j8 -l8
[3.944s] Invoked command in '/home/danushkara/TDCR_ws/build/tdcr_control' returned '0': CMAKE_PREFIX_PATH=/opt/ros/humble /usr/bin/cmake --build /home/danushkara/TDCR_ws/build/tdcr_control -- -j8 -l8
[3.957s] Invoking command in '/home/danushkara/TDCR_ws/build/tdcr_control': CMAKE_PREFIX_PATH=/opt/ros/humble /usr/bin/cmake --install /home/danushkara/TDCR_ws/build/tdcr_control
[3.964s] -- Install configuration: ""
[3.965s] -- Installing: /home/danushkara/TDCR_ws/install/tdcr_control/share/ament_index/resource_index/package_run_dependencies/tdcr_control
[3.968s] -- Installing: /home/danushkara/TDCR_ws/install/tdcr_control/share/ament_index/resource_index/parent_prefix_path/tdcr_control
[3.968s] -- Installing: /home/danushkara/TDCR_ws/install/tdcr_control/share/tdcr_control/environment/ament_prefix_path.sh
[3.968s] -- Installing: /home/danushkara/TDCR_ws/install/tdcr_control/share/tdcr_control/environment/ament_prefix_path.dsv
[3.968s] -- Installing: /home/danushkara/TDCR_ws/install/tdcr_control/share/tdcr_control/environment/path.sh
[3.968s] -- Installing: /home/danushkara/TDCR_ws/install/tdcr_control/share/tdcr_control/environment/path.dsv
[3.968s] -- Installing: /home/danushkara/TDCR_ws/install/tdcr_control/share/tdcr_control/local_setup.bash
[3.969s] -- Installing: /home/danushkara/TDCR_ws/install/tdcr_control/share/tdcr_control/local_setup.sh
[3.969s] -- Installing: /home/danushkara/TDCR_ws/install/tdcr_control/share/tdcr_control/local_setup.zsh
[3.969s] -- Installing: /home/danushkara/TDCR_ws/install/tdcr_control/share/tdcr_control/local_setup.dsv
[3.969s] -- Installing: /home/danushkara/TDCR_ws/install/tdcr_control/share/tdcr_control/package.dsv
[3.970s] -- Installing: /home/danushkara/TDCR_ws/install/tdcr_control/share/ament_index/resource_index/packages/tdcr_control
[3.970s] -- Installing: /home/danushkara/TDCR_ws/install/tdcr_control/share/tdcr_control/cmake/tdcr_controlConfig.cmake
[3.970s] -- Installing: /home/danushkara/TDCR_ws/install/tdcr_control/share/tdcr_control/cmake/tdcr_controlConfig-version.cmake
[3.971s] -- Installing: /home/danushkara/TDCR_ws/install/tdcr_control/share/tdcr_control/package.xml
[3.972s] Invoked command in '/home/danushkara/TDCR_ws/build/tdcr_control' returned '0': CMAKE_PREFIX_PATH=/opt/ros/humble /usr/bin/cmake --install /home/danushkara/TDCR_ws/build/tdcr_control
