-- Install configuration: ""
-- Up-to-date: /home/danushkara/TDCR_ws/install/tdcr_description/share/tdcr_description/urdf
-- Up-to-date: /home/danushkara/TDCR_ws/install/tdcr_description/share/tdcr_description/assets
-- Up-to-date: /home/danushkara/TDCR_ws/install/tdcr_description/share/tdcr_description/assets/spinner.stl
-- Up-to-date: /home/danushkara/TDCR_ws/install/tdcr_description/share/tdcr_description/assets/disc.stl
-- Up-to-date: /home/danushkara/TDCR_ws/install/tdcr_description/share/tdcr_description/assets/part_1__2.part
-- Up-to-date: /home/danushkara/TDCR_ws/install/tdcr_description/share/tdcr_description/assets/joint.part
-- Up-to-date: /home/danushkara/TDCR_ws/install/tdcr_description/share/tdcr_description/assets/base_link.stl
-- Up-to-date: /home/danushkara/TDCR_ws/install/tdcr_description/share/tdcr_description/assets/part_1__4.stl
-- Up-to-date: /home/danushkara/TDCR_ws/install/tdcr_description/share/tdcr_description/assets/part_1__6.part
-- Up-to-date: /home/danushkara/TDCR_ws/install/tdcr_description/share/tdcr_description/assets/part_1__5.part
-- Up-to-date: /home/danushkara/TDCR_ws/install/tdcr_description/share/tdcr_description/assets/disc_base.stl
-- Up-to-date: /home/danushkara/TDCR_ws/install/tdcr_description/share/tdcr_description/assets/part_1.part
-- Up-to-date: /home/danushkara/TDCR_ws/install/tdcr_description/share/tdcr_description/assets/disc_base.part
-- Up-to-date: /home/danushkara/TDCR_ws/install/tdcr_description/share/tdcr_description/assets/joint.stl
-- Up-to-date: /home/danushkara/TDCR_ws/install/tdcr_description/share/tdcr_description/assets/base_link.part
-- Up-to-date: /home/danushkara/TDCR_ws/install/tdcr_description/share/tdcr_description/assets/spinner__2.part
-- Up-to-date: /home/danushkara/TDCR_ws/install/tdcr_description/share/tdcr_description/assets/spinner_1.part
-- Up-to-date: /home/danushkara/TDCR_ws/install/tdcr_description/share/tdcr_description/assets/part_1__3.part
-- Up-to-date: /home/danushkara/TDCR_ws/install/tdcr_description/share/tdcr_description/assets/part_1__5.stl
-- Up-to-date: /home/danushkara/TDCR_ws/install/tdcr_description/share/tdcr_description/assets/part_1.stl
-- Up-to-date: /home/danushkara/TDCR_ws/install/tdcr_description/share/tdcr_description/assets/part_1__3.stl
-- Up-to-date: /home/danushkara/TDCR_ws/install/tdcr_description/share/tdcr_description/assets/part_1__6.stl
-- Up-to-date: /home/danushkara/TDCR_ws/install/tdcr_description/share/tdcr_description/assets/part_1__2.stl
-- Up-to-date: /home/danushkara/TDCR_ws/install/tdcr_description/share/tdcr_description/assets/spinner__2.stl
-- Up-to-date: /home/danushkara/TDCR_ws/install/tdcr_description/share/tdcr_description/assets/joint_1.part
-- Up-to-date: /home/danushkara/TDCR_ws/install/tdcr_description/share/tdcr_description/assets/spinner_1.stl
-- Up-to-date: /home/danushkara/TDCR_ws/install/tdcr_description/share/tdcr_description/assets/joint_1.stl
-- Up-to-date: /home/danushkara/TDCR_ws/install/tdcr_description/share/tdcr_description/assets/disc.part
-- Up-to-date: /home/danushkara/TDCR_ws/install/tdcr_description/share/tdcr_description/assets/spinner.part
-- Up-to-date: /home/danushkara/TDCR_ws/install/tdcr_description/share/tdcr_description/assets/part_1__4.part
-- Up-to-date: /home/danushkara/TDCR_ws/install/tdcr_description/share/tdcr_description/launch
-- Installing: /home/danushkara/TDCR_ws/install/tdcr_description/share/tdcr_description/launch/kinematics.launch.py
-- Up-to-date: /home/danushkara/TDCR_ws/install/tdcr_description/share/tdcr_description/launch/display.launch.py
-- Up-to-date: /home/danushkara/TDCR_ws/install/tdcr_description/share/tdcr_description/rviz
-- Installing: /home/danushkara/TDCR_ws/install/tdcr_description/share/tdcr_description/rviz/tdcr_view.rviz
-- Up-to-date: /home/danushkara/TDCR_ws/install/tdcr_description/share/tdcr_description/meshes
-- Up-to-date: /home/danushkara/TDCR_ws/install/tdcr_description/share/tdcr_description/robot.urdf
-- Up-to-date: /home/danushkara/TDCR_ws/install/tdcr_description/share/ament_index/resource_index/package_run_dependencies/tdcr_description
-- Up-to-date: /home/danushkara/TDCR_ws/install/tdcr_description/share/ament_index/resource_index/parent_prefix_path/tdcr_description
-- Up-to-date: /home/danushkara/TDCR_ws/install/tdcr_description/share/tdcr_description/environment/ament_prefix_path.sh
-- Up-to-date: /home/danushkara/TDCR_ws/install/tdcr_description/share/tdcr_description/environment/ament_prefix_path.dsv
-- Up-to-date: /home/danushkara/TDCR_ws/install/tdcr_description/share/tdcr_description/environment/path.sh
-- Up-to-date: /home/danushkara/TDCR_ws/install/tdcr_description/share/tdcr_description/environment/path.dsv
-- Up-to-date: /home/danushkara/TDCR_ws/install/tdcr_description/share/tdcr_description/local_setup.bash
-- Up-to-date: /home/danushkara/TDCR_ws/install/tdcr_description/share/tdcr_description/local_setup.sh
-- Up-to-date: /home/danushkara/TDCR_ws/install/tdcr_description/share/tdcr_description/local_setup.zsh
-- Up-to-date: /home/danushkara/TDCR_ws/install/tdcr_description/share/tdcr_description/local_setup.dsv
-- Up-to-date: /home/danushkara/TDCR_ws/install/tdcr_description/share/tdcr_description/package.dsv
-- Up-to-date: /home/danushkara/TDCR_ws/install/tdcr_description/share/ament_index/resource_index/packages/tdcr_description
-- Up-to-date: /home/danushkara/TDCR_ws/install/tdcr_description/share/tdcr_description/cmake/tdcr_descriptionConfig.cmake
-- Up-to-date: /home/danushkara/TDCR_ws/install/tdcr_description/share/tdcr_description/cmake/tdcr_descriptionConfig-version.cmake
-- Up-to-date: /home/danushkara/TDCR_ws/install/tdcr_description/share/tdcr_description/package.xml
