[0.304s] Invoking command in '/home/danushkara/TDCR_ws/build/tdcr_control': CMAKE_PREFIX_PATH=${CMAKE_PREFIX_PATH}:/home/danushkara/TDCR_ws/install/tdcr_kinematics:/home/danushkara/TDCR_ws/install/tdcr_jacobian:/home/danushkara/TDCR_ws/install/tdcr_description:/home/danushkara/TDCR_ws/install/tdcr_bringup:/opt/ros/humble /usr/bin/cmake --build /home/danushkara/TDCR_ws/build/tdcr_control -- -j8 -l8
[1.069s] Invoked command in '/home/danushkara/TDCR_ws/build/tdcr_control' returned '0': CMAKE_PREFIX_PATH=${CMAKE_PREFIX_PATH}:/home/danushkara/TDCR_ws/install/tdcr_kinematics:/home/danushkara/TDCR_ws/install/tdcr_jacobian:/home/danushkara/TDCR_ws/install/tdcr_description:/home/danushkara/TDCR_ws/install/tdcr_bringup:/opt/ros/humble /usr/bin/cmake --build /home/danushkara/TDCR_ws/build/tdcr_control -- -j8 -l8
[1.093s] Invoking command in '/home/danushkara/TDCR_ws/build/tdcr_control': CMAKE_PREFIX_PATH=${CMAKE_PREFIX_PATH}:/home/danushkara/TDCR_ws/install/tdcr_kinematics:/home/danushkara/TDCR_ws/install/tdcr_jacobian:/home/danushkara/TDCR_ws/install/tdcr_description:/home/danushkara/TDCR_ws/install/tdcr_bringup:/opt/ros/humble /usr/bin/cmake --install /home/danushkara/TDCR_ws/build/tdcr_control
[1.110s] -- Install configuration: ""
[1.112s] -- Up-to-date: /home/danushkara/TDCR_ws/install/tdcr_control/share/ament_index/resource_index/package_run_dependencies/tdcr_control
[1.113s] -- Up-to-date: /home/danushkara/TDCR_ws/install/tdcr_control/share/ament_index/resource_index/parent_prefix_path/tdcr_control
[1.113s] -- Up-to-date: /home/danushkara/TDCR_ws/install/tdcr_control/share/tdcr_control/environment/ament_prefix_path.sh
[1.113s] -- Up-to-date: /home/danushkara/TDCR_ws/install/tdcr_control/share/tdcr_control/environment/ament_prefix_path.dsv
[1.114s] -- Up-to-date: /home/danushkara/TDCR_ws/install/tdcr_control/share/tdcr_control/environment/path.sh
[1.114s] -- Up-to-date: /home/danushkara/TDCR_ws/install/tdcr_control/share/tdcr_control/environment/path.dsv
[1.114s] -- Up-to-date: /home/danushkara/TDCR_ws/install/tdcr_control/share/tdcr_control/local_setup.bash
[1.114s] -- Up-to-date: /home/danushkara/TDCR_ws/install/tdcr_control/share/tdcr_control/local_setup.sh
[1.114s] -- Up-to-date: /home/danushkara/TDCR_ws/install/tdcr_control/share/tdcr_control/local_setup.zsh
[1.115s] -- Up-to-date: /home/danushkara/TDCR_ws/install/tdcr_control/share/tdcr_control/local_setup.dsv
[1.115s] -- Up-to-date: /home/danushkara/TDCR_ws/install/tdcr_control/share/tdcr_control/package.dsv
[1.115s] -- Up-to-date: /home/danushkara/TDCR_ws/install/tdcr_control/share/ament_index/resource_index/packages/tdcr_control
[1.120s] -- Up-to-date: /home/danushkara/TDCR_ws/install/tdcr_control/share/tdcr_control/cmake/tdcr_controlConfig.cmake
[1.120s] -- Up-to-date: /home/danushkara/TDCR_ws/install/tdcr_control/share/tdcr_control/cmake/tdcr_controlConfig-version.cmake
[1.120s] -- Up-to-date: /home/danushkara/TDCR_ws/install/tdcr_control/share/tdcr_control/package.xml
[1.128s] Invoked command in '/home/danushkara/TDCR_ws/build/tdcr_control' returned '0': CMAKE_PREFIX_PATH=${CMAKE_PREFIX_PATH}:/home/danushkara/TDCR_ws/install/tdcr_kinematics:/home/danushkara/TDCR_ws/install/tdcr_jacobian:/home/danushkara/TDCR_ws/install/tdcr_description:/home/danushkara/TDCR_ws/install/tdcr_bringup:/opt/ros/humble /usr/bin/cmake --install /home/danushkara/TDCR_ws/build/tdcr_control
