[1.740s] Invoking command in '/home/danushkara/TDCR_ws/src/tdcr_bringup': PYTHONPATH=/home/danushkara/TDCR_ws/build/tdcr_bringup/prefix_override:/usr/lib/python3/dist-packages/colcon_core/task/python/colcon_distutils_commands:/home/danushkara/TDCR_ws/install/tdcr_bringup/lib/python3.10/site-packages:${PYTHONPATH} /usr/bin/python3 -W ignore:setup.py install is deprecated -W ignore:easy_install command is deprecated setup.py egg_info --egg-base ../../build/tdcr_bringup build --build-base /home/danushkara/TDCR_ws/build/tdcr_bringup/build install --record /home/danushkara/TDCR_ws/build/tdcr_bringup/install.log --single-version-externally-managed install_data
[1.925s] running egg_info
[1.925s] writing ../../build/tdcr_bringup/tdcr_bringup.egg-info/PKG-INFO
[1.932s] writing dependency_links to ../../build/tdcr_bringup/tdcr_bringup.egg-info/dependency_links.txt
[1.933s] writing entry points to ../../build/tdcr_bringup/tdcr_bringup.egg-info/entry_points.txt
[1.935s] writing requirements to ../../build/tdcr_bringup/tdcr_bringup.egg-info/requires.txt
[1.935s] writing top-level names to ../../build/tdcr_bringup/tdcr_bringup.egg-info/top_level.txt
[1.938s] reading manifest file '../../build/tdcr_bringup/tdcr_bringup.egg-info/SOURCES.txt'
[1.940s] writing manifest file '../../build/tdcr_bringup/tdcr_bringup.egg-info/SOURCES.txt'
[1.940s] running build
[1.940s] running build_py
[1.946s] running install
[1.946s] running install_lib
[1.948s] running install_data
[1.948s] running install_egg_info
[1.951s] removing '/home/danushkara/TDCR_ws/install/tdcr_bringup/lib/python3.10/site-packages/tdcr_bringup-0.0.0-py3.10.egg-info' (and everything under it)
[1.951s] Copying ../../build/tdcr_bringup/tdcr_bringup.egg-info to /home/danushkara/TDCR_ws/install/tdcr_bringup/lib/python3.10/site-packages/tdcr_bringup-0.0.0-py3.10.egg-info
[1.953s] running install_scripts
[2.069s] writing list of installed files to '/home/danushkara/TDCR_ws/build/tdcr_bringup/install.log'
[2.139s] Invoked command in '/home/danushkara/TDCR_ws/src/tdcr_bringup' returned '0': PYTHONPATH=/home/danushkara/TDCR_ws/build/tdcr_bringup/prefix_override:/usr/lib/python3/dist-packages/colcon_core/task/python/colcon_distutils_commands:/home/danushkara/TDCR_ws/install/tdcr_bringup/lib/python3.10/site-packages:${PYTHONPATH} /usr/bin/python3 -W ignore:setup.py install is deprecated -W ignore:easy_install command is deprecated setup.py egg_info --egg-base ../../build/tdcr_bringup build --build-base /home/danushkara/TDCR_ws/build/tdcr_bringup/build install --record /home/danushkara/TDCR_ws/build/tdcr_bringup/install.log --single-version-externally-managed install_data
