-- The C compiler identification is GNU 11.4.0
-- The CXX compiler identification is GNU 11.4.0
-- Detecting C compiler ABI info
-- Detecting C compiler ABI info - done
-- Check for working C compiler: /usr/bin/cc - skipped
-- Detecting C compile features
-- Detecting C compile features - done
-- Detecting CXX compiler ABI info
-- Detecting CXX compiler ABI info - done
-- Check for working CXX compiler: /usr/bin/c++ - skipped
-- Detecting CXX compile features
-- Detecting CXX compile features - done
-- Found ament_cmake: 1.3.14 (/opt/ros/humble/share/ament_cmake/cmake)
-- Found Python3: /usr/bin/python3 (found version "3.10.12") found components: Interpreter 
-- Configuring done
-- Generating done
-- Build files have been written to: /home/danushkara/TDCR_ws/build/tdcr_description
-- Install configuration: ""
-- Installing: /home/danushkara/TDCR_ws/install/tdcr_description/share/tdcr_description/urdf
-- Installing: /home/danushkara/TDCR_ws/install/tdcr_description/share/tdcr_description/assets
-- Installing: /home/danushkara/TDCR_ws/install/tdcr_description/share/tdcr_description/assets/spinner.stl
-- Installing: /home/danushkara/TDCR_ws/install/tdcr_description/share/tdcr_description/assets/disc.stl
-- Installing: /home/danushkara/TDCR_ws/install/tdcr_description/share/tdcr_description/assets/part_1__2.part
-- Installing: /home/danushkara/TDCR_ws/install/tdcr_description/share/tdcr_description/assets/joint.part
-- Installing: /home/danushkara/TDCR_ws/install/tdcr_description/share/tdcr_description/assets/base_link.stl
-- Installing: /home/danushkara/TDCR_ws/install/tdcr_description/share/tdcr_description/assets/part_1__4.stl
-- Installing: /home/danushkara/TDCR_ws/install/tdcr_description/share/tdcr_description/assets/part_1__6.part
-- Installing: /home/danushkara/TDCR_ws/install/tdcr_description/share/tdcr_description/assets/part_1__5.part
-- Installing: /home/danushkara/TDCR_ws/install/tdcr_description/share/tdcr_description/assets/disc_base.stl
-- Installing: /home/danushkara/TDCR_ws/install/tdcr_description/share/tdcr_description/assets/part_1.part
-- Installing: /home/danushkara/TDCR_ws/install/tdcr_description/share/tdcr_description/assets/disc_base.part
-- Installing: /home/danushkara/TDCR_ws/install/tdcr_description/share/tdcr_description/assets/joint.stl
-- Installing: /home/danushkara/TDCR_ws/install/tdcr_description/share/tdcr_description/assets/base_link.part
-- Installing: /home/danushkara/TDCR_ws/install/tdcr_description/share/tdcr_description/assets/spinner__2.part
-- Installing: /home/danushkara/TDCR_ws/install/tdcr_description/share/tdcr_description/assets/spinner_1.part
-- Installing: /home/danushkara/TDCR_ws/install/tdcr_description/share/tdcr_description/assets/part_1__3.part
-- Installing: /home/danushkara/TDCR_ws/install/tdcr_description/share/tdcr_description/assets/part_1__5.stl
-- Installing: /home/danushkara/TDCR_ws/install/tdcr_description/share/tdcr_description/assets/part_1.stl
-- Installing: /home/danushkara/TDCR_ws/install/tdcr_description/share/tdcr_description/assets/part_1__3.stl
-- Installing: /home/danushkara/TDCR_ws/install/tdcr_description/share/tdcr_description/assets/part_1__6.stl
-- Installing: /home/danushkara/TDCR_ws/install/tdcr_description/share/tdcr_description/assets/part_1__2.stl
-- Installing: /home/danushkara/TDCR_ws/install/tdcr_description/share/tdcr_description/assets/spinner__2.stl
-- Installing: /home/danushkara/TDCR_ws/install/tdcr_description/share/tdcr_description/assets/joint_1.part
-- Installing: /home/danushkara/TDCR_ws/install/tdcr_description/share/tdcr_description/assets/spinner_1.stl
-- Installing: /home/danushkara/TDCR_ws/install/tdcr_description/share/tdcr_description/assets/joint_1.stl
-- Installing: /home/danushkara/TDCR_ws/install/tdcr_description/share/tdcr_description/assets/disc.part
-- Installing: /home/danushkara/TDCR_ws/install/tdcr_description/share/tdcr_description/assets/spinner.part
-- Installing: /home/danushkara/TDCR_ws/install/tdcr_description/share/tdcr_description/assets/part_1__4.part
-- Installing: /home/danushkara/TDCR_ws/install/tdcr_description/share/tdcr_description/launch
-- Installing: /home/danushkara/TDCR_ws/install/tdcr_description/share/tdcr_description/launch/display.launch.py
-- Installing: /home/danushkara/TDCR_ws/install/tdcr_description/share/tdcr_description/rviz
-- Installing: /home/danushkara/TDCR_ws/install/tdcr_description/share/tdcr_description/rviz/tdcr_view.rviz
-- Installing: /home/danushkara/TDCR_ws/install/tdcr_description/share/tdcr_description/meshes
-- Installing: /home/danushkara/TDCR_ws/install/tdcr_description/share/tdcr_description/robot.urdf
-- Installing: /home/danushkara/TDCR_ws/install/tdcr_description/share/ament_index/resource_index/package_run_dependencies/tdcr_description
-- Installing: /home/danushkara/TDCR_ws/install/tdcr_description/share/ament_index/resource_index/parent_prefix_path/tdcr_description
-- Installing: /home/danushkara/TDCR_ws/install/tdcr_description/share/tdcr_description/environment/ament_prefix_path.sh
-- Installing: /home/danushkara/TDCR_ws/install/tdcr_description/share/tdcr_description/environment/ament_prefix_path.dsv
-- Installing: /home/danushkara/TDCR_ws/install/tdcr_description/share/tdcr_description/environment/path.sh
-- Installing: /home/danushkara/TDCR_ws/install/tdcr_description/share/tdcr_description/environment/path.dsv
-- Installing: /home/danushkara/TDCR_ws/install/tdcr_description/share/tdcr_description/local_setup.bash
-- Installing: /home/danushkara/TDCR_ws/install/tdcr_description/share/tdcr_description/local_setup.sh
-- Installing: /home/danushkara/TDCR_ws/install/tdcr_description/share/tdcr_description/local_setup.zsh
-- Installing: /home/danushkara/TDCR_ws/install/tdcr_description/share/tdcr_description/local_setup.dsv
-- Installing: /home/danushkara/TDCR_ws/install/tdcr_description/share/tdcr_description/package.dsv
-- Installing: /home/danushkara/TDCR_ws/install/tdcr_description/share/ament_index/resource_index/packages/tdcr_description
-- Installing: /home/danushkara/TDCR_ws/install/tdcr_description/share/tdcr_description/cmake/tdcr_descriptionConfig.cmake
-- Installing: /home/danushkara/TDCR_ws/install/tdcr_description/share/tdcr_description/cmake/tdcr_descriptionConfig-version.cmake
-- Installing: /home/danushkara/TDCR_ws/install/tdcr_description/share/tdcr_description/package.xml
