[0.364s] Invoking command in '/home/danushkara/TDCR_ws/build/tdcr_description': CMAKE_PREFIX_PATH=${CMAKE_PREFIX_PATH}:/home/danushkara/TDCR_ws/install/tdcr_kinematics:/home/danushkara/TDCR_ws/install/tdcr_jacobian:/home/danushkara/TDCR_ws/install/tdcr_bringup:/opt/ros/humble /usr/bin/cmake /home/danushkara/TDCR_ws/src/tdcr_description -DCMAKE_INSTALL_PREFIX=/home/danushkara/TDCR_ws/install/tdcr_description
[0.784s] -- The C compiler identification is GNU 11.4.0
[1.031s] -- The CXX compiler identification is GNU 11.4.0
[1.073s] -- Detecting C compiler ABI info
[1.364s] -- Detecting C compiler ABI info - done
[1.370s] -- Check for working C compiler: /usr/bin/cc - skipped
[1.370s] -- Detecting C compile features
[1.371s] -- Detecting C compile features - done
[1.375s] -- Detecting CXX compiler ABI info
[1.605s] -- Detecting CXX compiler ABI info - done
[1.641s] -- Check for working CXX compiler: /usr/bin/c++ - skipped
[1.681s] -- Detecting CXX compile features
[1.694s] -- Detecting CXX compile features - done
[1.694s] -- Found ament_cmake: 1.3.14 (/opt/ros/humble/share/ament_cmake/cmake)
[2.144s] -- Found Python3: /usr/bin/python3 (found version "3.10.12") found components: Interpreter 
[2.470s] -- Configuring done
[2.481s] -- Generating done
[2.484s] -- Build files have been written to: /home/danushkara/TDCR_ws/build/tdcr_description
[2.497s] Invoked command in '/home/danushkara/TDCR_ws/build/tdcr_description' returned '0': CMAKE_PREFIX_PATH=${CMAKE_PREFIX_PATH}:/home/danushkara/TDCR_ws/install/tdcr_kinematics:/home/danushkara/TDCR_ws/install/tdcr_jacobian:/home/danushkara/TDCR_ws/install/tdcr_bringup:/opt/ros/humble /usr/bin/cmake /home/danushkara/TDCR_ws/src/tdcr_description -DCMAKE_INSTALL_PREFIX=/home/danushkara/TDCR_ws/install/tdcr_description
[2.498s] Invoking command in '/home/danushkara/TDCR_ws/build/tdcr_description': CMAKE_PREFIX_PATH=${CMAKE_PREFIX_PATH}:/home/danushkara/TDCR_ws/install/tdcr_kinematics:/home/danushkara/TDCR_ws/install/tdcr_jacobian:/home/danushkara/TDCR_ws/install/tdcr_bringup:/opt/ros/humble /usr/bin/cmake --build /home/danushkara/TDCR_ws/build/tdcr_description -- -j8 -l8
[2.653s] Invoked command in '/home/danushkara/TDCR_ws/build/tdcr_description' returned '0': CMAKE_PREFIX_PATH=${CMAKE_PREFIX_PATH}:/home/danushkara/TDCR_ws/install/tdcr_kinematics:/home/danushkara/TDCR_ws/install/tdcr_jacobian:/home/danushkara/TDCR_ws/install/tdcr_bringup:/opt/ros/humble /usr/bin/cmake --build /home/danushkara/TDCR_ws/build/tdcr_description -- -j8 -l8
[2.666s] Invoking command in '/home/danushkara/TDCR_ws/build/tdcr_description': CMAKE_PREFIX_PATH=${CMAKE_PREFIX_PATH}:/home/danushkara/TDCR_ws/install/tdcr_kinematics:/home/danushkara/TDCR_ws/install/tdcr_jacobian:/home/danushkara/TDCR_ws/install/tdcr_bringup:/opt/ros/humble /usr/bin/cmake --install /home/danushkara/TDCR_ws/build/tdcr_description
[2.701s] -- Install configuration: ""
[2.703s] -- Installing: /home/danushkara/TDCR_ws/install/tdcr_description/share/tdcr_description/urdf
[2.704s] -- Installing: /home/danushkara/TDCR_ws/install/tdcr_description/share/tdcr_description/assets
[2.704s] -- Installing: /home/danushkara/TDCR_ws/install/tdcr_description/share/tdcr_description/assets/spinner.stl
[2.704s] -- Installing: /home/danushkara/TDCR_ws/install/tdcr_description/share/tdcr_description/assets/disc.stl
[2.704s] -- Installing: /home/danushkara/TDCR_ws/install/tdcr_description/share/tdcr_description/assets/part_1__2.part
[2.704s] -- Installing: /home/danushkara/TDCR_ws/install/tdcr_description/share/tdcr_description/assets/joint.part
[2.704s] -- Installing: /home/danushkara/TDCR_ws/install/tdcr_description/share/tdcr_description/assets/base_link.stl
[2.704s] -- Installing: /home/danushkara/TDCR_ws/install/tdcr_description/share/tdcr_description/assets/part_1__4.stl
[2.704s] -- Installing: /home/danushkara/TDCR_ws/install/tdcr_description/share/tdcr_description/assets/part_1__6.part
[2.704s] -- Installing: /home/danushkara/TDCR_ws/install/tdcr_description/share/tdcr_description/assets/part_1__5.part
[2.704s] -- Installing: /home/danushkara/TDCR_ws/install/tdcr_description/share/tdcr_description/assets/disc_base.stl
[2.704s] -- Installing: /home/danushkara/TDCR_ws/install/tdcr_description/share/tdcr_description/assets/part_1.part
[2.704s] -- Installing: /home/danushkara/TDCR_ws/install/tdcr_description/share/tdcr_description/assets/disc_base.part
[2.704s] -- Installing: /home/danushkara/TDCR_ws/install/tdcr_description/share/tdcr_description/assets/joint.stl
[2.704s] -- Installing: /home/danushkara/TDCR_ws/install/tdcr_description/share/tdcr_description/assets/base_link.part
[2.704s] -- Installing: /home/danushkara/TDCR_ws/install/tdcr_description/share/tdcr_description/assets/spinner__2.part
[2.704s] -- Installing: /home/danushkara/TDCR_ws/install/tdcr_description/share/tdcr_description/assets/spinner_1.part
[2.704s] -- Installing: /home/danushkara/TDCR_ws/install/tdcr_description/share/tdcr_description/assets/part_1__3.part
[2.704s] -- Installing: /home/danushkara/TDCR_ws/install/tdcr_description/share/tdcr_description/assets/part_1__5.stl
[2.704s] -- Installing: /home/danushkara/TDCR_ws/install/tdcr_description/share/tdcr_description/assets/part_1.stl
[2.711s] -- Installing: /home/danushkara/TDCR_ws/install/tdcr_description/share/tdcr_description/assets/part_1__3.stl
[2.711s] -- Installing: /home/danushkara/TDCR_ws/install/tdcr_description/share/tdcr_description/assets/part_1__6.stl
[2.711s] -- Installing: /home/danushkara/TDCR_ws/install/tdcr_description/share/tdcr_description/assets/part_1__2.stl
[2.733s] -- Installing: /home/danushkara/TDCR_ws/install/tdcr_description/share/tdcr_description/assets/spinner__2.stl
[2.733s] -- Installing: /home/danushkara/TDCR_ws/install/tdcr_description/share/tdcr_description/assets/joint_1.part
[2.735s] -- Installing: /home/danushkara/TDCR_ws/install/tdcr_description/share/tdcr_description/assets/spinner_1.stl
[2.742s] -- Installing: /home/danushkara/TDCR_ws/install/tdcr_description/share/tdcr_description/assets/joint_1.stl
[2.744s] -- Installing: /home/danushkara/TDCR_ws/install/tdcr_description/share/tdcr_description/assets/disc.part
[2.745s] -- Installing: /home/danushkara/TDCR_ws/install/tdcr_description/share/tdcr_description/assets/spinner.part
[2.747s] -- Installing: /home/danushkara/TDCR_ws/install/tdcr_description/share/tdcr_description/assets/part_1__4.part
[2.747s] -- Installing: /home/danushkara/TDCR_ws/install/tdcr_description/share/tdcr_description/launch
[2.747s] -- Installing: /home/danushkara/TDCR_ws/install/tdcr_description/share/tdcr_description/launch/display.launch.py
[2.749s] -- Installing: /home/danushkara/TDCR_ws/install/tdcr_description/share/tdcr_description/rviz
[2.749s] -- Installing: /home/danushkara/TDCR_ws/install/tdcr_description/share/tdcr_description/rviz/tdcr_view.rviz
[2.749s] -- Installing: /home/danushkara/TDCR_ws/install/tdcr_description/share/tdcr_description/meshes
[2.749s] -- Installing: /home/danushkara/TDCR_ws/install/tdcr_description/share/tdcr_description/robot.urdf
[2.749s] -- Installing: /home/danushkara/TDCR_ws/install/tdcr_description/share/ament_index/resource_index/package_run_dependencies/tdcr_description
[2.749s] -- Installing: /home/danushkara/TDCR_ws/install/tdcr_description/share/ament_index/resource_index/parent_prefix_path/tdcr_description
[2.749s] -- Installing: /home/danushkara/TDCR_ws/install/tdcr_description/share/tdcr_description/environment/ament_prefix_path.sh
[2.750s] -- Installing: /home/danushkara/TDCR_ws/install/tdcr_description/share/tdcr_description/environment/ament_prefix_path.dsv
[2.750s] -- Installing: /home/danushkara/TDCR_ws/install/tdcr_description/share/tdcr_description/environment/path.sh
[2.750s] -- Installing: /home/danushkara/TDCR_ws/install/tdcr_description/share/tdcr_description/environment/path.dsv
[2.751s] -- Installing: /home/danushkara/TDCR_ws/install/tdcr_description/share/tdcr_description/local_setup.bash
[2.752s] -- Installing: /home/danushkara/TDCR_ws/install/tdcr_description/share/tdcr_description/local_setup.sh
[2.752s] -- Installing: /home/danushkara/TDCR_ws/install/tdcr_description/share/tdcr_description/local_setup.zsh
[2.753s] -- Installing: /home/danushkara/TDCR_ws/install/tdcr_description/share/tdcr_description/local_setup.dsv
[2.753s] -- Installing: /home/danushkara/TDCR_ws/install/tdcr_description/share/tdcr_description/package.dsv
[2.753s] -- Installing: /home/danushkara/TDCR_ws/install/tdcr_description/share/ament_index/resource_index/packages/tdcr_description
[2.755s] -- Installing: /home/danushkara/TDCR_ws/install/tdcr_description/share/tdcr_description/cmake/tdcr_descriptionConfig.cmake
[2.755s] -- Installing: /home/danushkara/TDCR_ws/install/tdcr_description/share/tdcr_description/cmake/tdcr_descriptionConfig-version.cmake
[2.755s] -- Installing: /home/danushkara/TDCR_ws/install/tdcr_description/share/tdcr_description/package.xml
[2.757s] Invoked command in '/home/danushkara/TDCR_ws/build/tdcr_description' returned '0': CMAKE_PREFIX_PATH=${CMAKE_PREFIX_PATH}:/home/danushkara/TDCR_ws/install/tdcr_kinematics:/home/danushkara/TDCR_ws/install/tdcr_jacobian:/home/danushkara/TDCR_ws/install/tdcr_bringup:/opt/ros/humble /usr/bin/cmake --install /home/danushkara/TDCR_ws/build/tdcr_description
