[0.435s] Invoking command in '/home/danushkara/TDCR_ws/src/tdcr_jacobian': PYTHONPATH=/home/danushkara/TDCR_ws/build/tdcr_jacobian/prefix_override:/usr/lib/python3/dist-packages/colcon_core/task/python/colcon_distutils_commands:/home/danushkara/TDCR_ws/install/tdcr_jacobian/lib/python3.10/site-packages:${PYTHONPATH} /usr/bin/python3 -W ignore:setup.py install is deprecated -W ignore:easy_install command is deprecated setup.py egg_info --egg-base ../../build/tdcr_jacobian build --build-base /home/danushkara/TDCR_ws/build/tdcr_jacobian/build install --record /home/danushkara/TDCR_ws/build/tdcr_jacobian/install.log --single-version-externally-managed install_data
[0.597s] running egg_info
[0.597s] writing ../../build/tdcr_jacobian/tdcr_jacobian.egg-info/PKG-INFO
[0.597s] writing dependency_links to ../../build/tdcr_jacobian/tdcr_jacobian.egg-info/dependency_links.txt
[0.597s] writing entry points to ../../build/tdcr_jacobian/tdcr_jacobian.egg-info/entry_points.txt
[0.597s] writing requirements to ../../build/tdcr_jacobian/tdcr_jacobian.egg-info/requires.txt
[0.597s] writing top-level names to ../../build/tdcr_jacobian/tdcr_jacobian.egg-info/top_level.txt
[0.600s] reading manifest file '../../build/tdcr_jacobian/tdcr_jacobian.egg-info/SOURCES.txt'
[0.600s] writing manifest file '../../build/tdcr_jacobian/tdcr_jacobian.egg-info/SOURCES.txt'
[0.600s] running build
[0.600s] running build_py
[0.600s] running install
[0.600s] running install_lib
[0.600s] running install_data
[0.600s] copying package.xml -> /home/danushkara/TDCR_ws/install/tdcr_jacobian/share/tdcr_jacobian
[0.600s] running install_egg_info
[0.602s] removing '/home/danushkara/TDCR_ws/install/tdcr_jacobian/lib/python3.10/site-packages/tdcr_jacobian-0.0.1-py3.10.egg-info' (and everything under it)
[0.602s] Copying ../../build/tdcr_jacobian/tdcr_jacobian.egg-info to /home/danushkara/TDCR_ws/install/tdcr_jacobian/lib/python3.10/site-packages/tdcr_jacobian-0.0.1-py3.10.egg-info
[0.602s] running install_scripts
[0.616s] Installing jacobian_node script to /home/danushkara/TDCR_ws/install/tdcr_jacobian/lib/tdcr_jacobian
[0.616s] writing list of installed files to '/home/danushkara/TDCR_ws/build/tdcr_jacobian/install.log'
[0.633s] Invoked command in '/home/danushkara/TDCR_ws/src/tdcr_jacobian' returned '0': PYTHONPATH=/home/danushkara/TDCR_ws/build/tdcr_jacobian/prefix_override:/usr/lib/python3/dist-packages/colcon_core/task/python/colcon_distutils_commands:/home/danushkara/TDCR_ws/install/tdcr_jacobian/lib/python3.10/site-packages:${PYTHONPATH} /usr/bin/python3 -W ignore:setup.py install is deprecated -W ignore:easy_install command is deprecated setup.py egg_info --egg-base ../../build/tdcr_jacobian build --build-base /home/danushkara/TDCR_ws/build/tdcr_jacobian/build install --record /home/danushkara/TDCR_ws/build/tdcr_jacobian/install.log --single-version-externally-managed install_data
